[2022-06-16 09:02:50,472] [ERROR] [Thread-1 (process_request_thread)] [django.request] | Internal Server Error: /api/template/
Traceback (most recent call last):
  File "C:\Users\lenovo\AppData\Local\Programs\Python\Python310\lib\site-packages\jwt\api_jws.py", line 180, in _load
    signing_input, crypto_segment = jwt.rsplit(b'.', 1)
ValueError: not enough values to unpack (expected 2, got 1)

During handling of the above exception, another exception occurred:

Traceback (most recent call last):
  File "C:\Users\lenovo\Desktop\workspace\django-controller\sse\applications\user\auther.py", line 81, in authenticate
    payload = jwt_decode_handler(token)
  File "C:\Users\lenovo\AppData\Local\Programs\Python\Python310\lib\site-packages\rest_framework_jwt\utils.py", line 104, in jwt_decode_handler
    unverified_payload = jwt.decode(token, None, False)
  File "C:\Users\lenovo\AppData\Local\Programs\Python\Python310\lib\site-packages\jwt\api_jwt.py", line 84, in decode
    payload, _, _, _ = self._load(jwt)
  File "C:\Users\lenovo\AppData\Local\Programs\Python\Python310\lib\site-packages\jwt\api_jws.py", line 183, in _load
    raise DecodeError('Not enough segments')
jwt.exceptions.DecodeError: Not enough segments

During handling of the above exception, another exception occurred:

Traceback (most recent call last):
  File "C:\Users\lenovo\AppData\Local\Programs\Python\Python310\lib\site-packages\rest_framework\views.py", line 497, in dispatch
    self.initial(request, *args, **kwargs)
  File "C:\Users\lenovo\AppData\Local\Programs\Python\Python310\lib\site-packages\rest_framework\views.py", line 414, in initial
    self.perform_authentication(request)
  File "C:\Users\lenovo\AppData\Local\Programs\Python\Python310\lib\site-packages\rest_framework\views.py", line 324, in perform_authentication
    request.user
  File "C:\Users\lenovo\AppData\Local\Programs\Python\Python310\lib\site-packages\rest_framework\request.py", line 227, in user
    self._authenticate()
  File "C:\Users\lenovo\AppData\Local\Programs\Python\Python310\lib\site-packages\rest_framework\request.py", line 380, in _authenticate
    user_auth_tuple = authenticator.authenticate(self)
  File "C:\Users\lenovo\Desktop\workspace\django-controller\sse\applications\user\auther.py", line 85, in authenticate
    raise AuthenticationFailed('非法用户')
rest_framework.exceptions.AuthenticationFailed: 非法用户

During handling of the above exception, another exception occurred:

Traceback (most recent call last):
  File "C:\Users\lenovo\AppData\Local\Programs\Python\Python310\lib\site-packages\django\core\handlers\exception.py", line 47, in inner
    response = get_response(request)
  File "C:\Users\lenovo\AppData\Local\Programs\Python\Python310\lib\site-packages\django\core\handlers\base.py", line 181, in _get_response
    response = wrapped_callback(request, *callback_args, **callback_kwargs)
  File "C:\Users\lenovo\AppData\Local\Programs\Python\Python310\lib\site-packages\django\views\decorators\csrf.py", line 54, in wrapped_view
    return view_func(*args, **kwargs)
  File "C:\Users\lenovo\AppData\Local\Programs\Python\Python310\lib\site-packages\rest_framework\viewsets.py", line 125, in view
    return self.dispatch(request, *args, **kwargs)
  File "C:\Users\lenovo\AppData\Local\Programs\Python\Python310\lib\site-packages\rest_framework\views.py", line 509, in dispatch
    response = self.handle_exception(exc)
  File "C:\Users\lenovo\AppData\Local\Programs\Python\Python310\lib\site-packages\rest_framework\views.py", line 466, in handle_exception
    response = exception_handler(exc, context)
  File "C:\Users\lenovo\Desktop\workspace\django-controller\sse\lib\core\exceptions.py", line 62, in exc_exceptions
    return APIResponse(error=error, result=False, msg=msg, headers=header, status=status)
UnboundLocalError: local variable 'header' referenced before assignment
[2022-06-16 09:02:50,507] [DEBUG] [Thread-1 (process_request_thread)] [sse.lib.utils.logger] | Start SentryMiddleware procedure and prepare to upload to Sentry
[2022-06-16 09:02:50,491] [ERROR] [Thread-2 (process_request_thread)] [django.request] | Internal Server Error: /api/case/
Traceback (most recent call last):
  File "C:\Users\lenovo\AppData\Local\Programs\Python\Python310\lib\site-packages\jwt\api_jws.py", line 180, in _load
    signing_input, crypto_segment = jwt.rsplit(b'.', 1)
ValueError: not enough values to unpack (expected 2, got 1)

During handling of the above exception, another exception occurred:

Traceback (most recent call last):
  File "C:\Users\lenovo\Desktop\workspace\django-controller\sse\applications\user\auther.py", line 81, in authenticate
    payload = jwt_decode_handler(token)
  File "C:\Users\lenovo\AppData\Local\Programs\Python\Python310\lib\site-packages\rest_framework_jwt\utils.py", line 104, in jwt_decode_handler
    unverified_payload = jwt.decode(token, None, False)
  File "C:\Users\lenovo\AppData\Local\Programs\Python\Python310\lib\site-packages\jwt\api_jwt.py", line 84, in decode
    payload, _, _, _ = self._load(jwt)
  File "C:\Users\lenovo\AppData\Local\Programs\Python\Python310\lib\site-packages\jwt\api_jws.py", line 183, in _load
    raise DecodeError('Not enough segments')
jwt.exceptions.DecodeError: Not enough segments

During handling of the above exception, another exception occurred:

Traceback (most recent call last):
  File "C:\Users\lenovo\AppData\Local\Programs\Python\Python310\lib\site-packages\rest_framework\views.py", line 497, in dispatch
    self.initial(request, *args, **kwargs)
  File "C:\Users\lenovo\AppData\Local\Programs\Python\Python310\lib\site-packages\rest_framework\views.py", line 414, in initial
    self.perform_authentication(request)
  File "C:\Users\lenovo\AppData\Local\Programs\Python\Python310\lib\site-packages\rest_framework\views.py", line 324, in perform_authentication
    request.user
  File "C:\Users\lenovo\AppData\Local\Programs\Python\Python310\lib\site-packages\rest_framework\request.py", line 227, in user
    self._authenticate()
  File "C:\Users\lenovo\AppData\Local\Programs\Python\Python310\lib\site-packages\rest_framework\request.py", line 380, in _authenticate
    user_auth_tuple = authenticator.authenticate(self)
  File "C:\Users\lenovo\Desktop\workspace\django-controller\sse\applications\user\auther.py", line 85, in authenticate
    raise AuthenticationFailed('非法用户')
rest_framework.exceptions.AuthenticationFailed: 非法用户

During handling of the above exception, another exception occurred:

Traceback (most recent call last):
  File "C:\Users\lenovo\AppData\Local\Programs\Python\Python310\lib\site-packages\django\core\handlers\exception.py", line 47, in inner
    response = get_response(request)
  File "C:\Users\lenovo\AppData\Local\Programs\Python\Python310\lib\site-packages\django\core\handlers\base.py", line 181, in _get_response
    response = wrapped_callback(request, *callback_args, **callback_kwargs)
  File "C:\Users\lenovo\AppData\Local\Programs\Python\Python310\lib\site-packages\django\views\decorators\csrf.py", line 54, in wrapped_view
    return view_func(*args, **kwargs)
  File "C:\Users\lenovo\AppData\Local\Programs\Python\Python310\lib\site-packages\rest_framework\viewsets.py", line 125, in view
    return self.dispatch(request, *args, **kwargs)
  File "C:\Users\lenovo\AppData\Local\Programs\Python\Python310\lib\site-packages\rest_framework\views.py", line 509, in dispatch
    response = self.handle_exception(exc)
  File "C:\Users\lenovo\AppData\Local\Programs\Python\Python310\lib\site-packages\rest_framework\views.py", line 466, in handle_exception
    response = exception_handler(exc, context)
  File "C:\Users\lenovo\Desktop\workspace\django-controller\sse\lib\core\exceptions.py", line 62, in exc_exceptions
    return APIResponse(error=error, result=False, msg=msg, headers=header, status=status)
UnboundLocalError: local variable 'header' referenced before assignment
[2022-06-16 09:02:50,509] [DEBUG] [Thread-1 (process_request_thread)] [sse.lib.utils.logger] | Start LoggerMiddleware procedure and prepare to record log data
[2022-06-16 09:02:50,512] [DEBUG] [Thread-2 (process_request_thread)] [sse.lib.utils.logger] | Start SentryMiddleware procedure and prepare to upload to Sentry
[2022-06-16 09:02:50,513] [DEBUG] [Thread-1 (process_request_thread)] [sse.lib.utils.logger] | Receive request: {"method": "GET", "path": "/api/template/", "view": "api:template-list", "body": null, "headers": {"cookie": "Pycharm-54014c86=e891a874-e312-48dc-b991-06a5190acb40; jenkins-timestamper-offset=-28800000; Pycharm-54014c88=c2d4b717-2180-4068-bb1d-b803e22215ef", "accept_language": "zh-CN,zh;q=0.9", "accept_encoding": "gzip, deflate, br", "referer": "http://localhost:8081/", "sec_fetch_dest": "empty", "sec_fetch_mode": "cors", "sec_fetch_site": "same-origin", "user_agent": "Mozilla/5.0 (Windows NT 10.0; Win64; x64) AppleWebKit/537.36 (KHTML, like Gecko) Chrome/91.0.4472.114 Safari/537.36", "sec_ch_ua_mobile": "?0", "authorization": "null", "accept": "application/json, text/plain, */*", "sec_ch_ua": "\" Not;A Brand\";v=\"99\", \"Google Chrome\";v=\"91\", \"Chromium\";v=\"91\"", "connection": "close", "host": "localhost:9091"}, "user_id": null, "ip": "127.0.0.1", "trace_id": "8e491f56-15c3-4bcd-8a19-a1d69e820293"}
[2022-06-16 09:02:50,514] [DEBUG] [Thread-2 (process_request_thread)] [sse.lib.utils.logger] | Start LoggerMiddleware procedure and prepare to record log data
[2022-06-16 09:02:50,514] [INFO] [Thread-1 (process_request_thread)] [sse.lib.utils.logger] | Receive request from IP: 127.0.0.1 by url: /api/template/ with method: GET
[2022-06-16 09:02:50,515] [DEBUG] [Thread-2 (process_request_thread)] [sse.lib.utils.logger] | Receive request: {"method": "GET", "path": "/api/case/", "view": "api:case-list", "body": null, "headers": {"cookie": "Pycharm-54014c86=e891a874-e312-48dc-b991-06a5190acb40; jenkins-timestamper-offset=-28800000; Pycharm-54014c88=c2d4b717-2180-4068-bb1d-b803e22215ef", "accept_language": "zh-CN,zh;q=0.9", "accept_encoding": "gzip, deflate, br", "referer": "http://localhost:8081/", "sec_fetch_dest": "empty", "sec_fetch_mode": "cors", "sec_fetch_site": "same-origin", "user_agent": "Mozilla/5.0 (Windows NT 10.0; Win64; x64) AppleWebKit/537.36 (KHTML, like Gecko) Chrome/91.0.4472.114 Safari/537.36", "sec_ch_ua_mobile": "?0", "authorization": "null", "accept": "application/json, text/plain, */*", "sec_ch_ua": "\" Not;A Brand\";v=\"99\", \"Google Chrome\";v=\"91\", \"Chromium\";v=\"91\"", "connection": "close", "host": "localhost:9091"}, "user_id": null, "ip": "127.0.0.1", "trace_id": "da7c5403-ed00-44d5-a52c-4482e317ae2b"}
[2022-06-16 09:02:50,516] [DEBUG] [Thread-1 (process_request_thread)] [sse.lib.utils.logger] | Return response: {"status": 500, "body": "<<<Not JSON>>>", "headers": {"Content-Type": "text/html", "X-Frame-Options": "DENY", "Content-Length": "141074", "Vary": "Origin", "X-Content-Type-Options": "nosniff", "Referrer-Policy": "same-origin"}, "trace_id": "8e491f56-15c3-4bcd-8a19-a1d69e820293"}
[2022-06-16 09:02:50,516] [INFO] [Thread-2 (process_request_thread)] [sse.lib.utils.logger] | Receive request from IP: 127.0.0.1 by url: /api/case/ with method: GET
[2022-06-16 09:02:50,517] [DEBUG] [Thread-2 (process_request_thread)] [sse.lib.utils.logger] | Return response: {"status": 500, "body": "<<<Not JSON>>>", "headers": {"Content-Type": "text/html", "X-Frame-Options": "DENY", "Content-Length": "140974", "Vary": "Origin", "X-Content-Type-Options": "nosniff", "Referrer-Policy": "same-origin"}, "trace_id": "da7c5403-ed00-44d5-a52c-4482e317ae2b"}
[2022-06-17 08:49:27,454] [DEBUG] [Thread-3 (process_request_thread)] [sse.lib.utils.logger] | Start SentryMiddleware procedure and prepare to upload to Sentry
[2022-06-17 08:49:27,456] [DEBUG] [Thread-3 (process_request_thread)] [sse.lib.utils.logger] | Start LoggerMiddleware procedure and prepare to record log data
[2022-06-17 08:49:27,456] [DEBUG] [Thread-3 (process_request_thread)] [sse.lib.utils.logger] | Receive request: {"method": "POST", "path": "/user/login/", "view": "user:user.views.LoginViewSet", "body": {"user_id": "root", "password": "Ccwtn@123"}, "headers": {"cookie": "Hm_lvt_0703cfc0023d60b244e06b5cacfef877=1626310855; jenkins-timestamper-offset=-28800000; csrftoken=aCYpY4DVzKNOrqblm9RWfpZ99YgLlwoXpxlvnO8RHZ8qfogMOKqVpffrE6vkrKqw", "accept_language": "zh-CN,zh;q=0.9", "accept_encoding": "gzip, deflate, br", "referer": "http://127.0.0.1:8081/", "sec_fetch_dest": "empty", "sec_fetch_mode": "cors", "sec_fetch_site": "same-origin", "origin": "http://127.0.0.1:8081", "user_agent": "Mozilla/5.0 (Windows NT 10.0; Win64; x64) AppleWebKit/537.36 (KHTML, like Gecko) Chrome/91.0.4472.114 Safari/537.36", "sec_ch_ua_mobile": "?0", "authorization": "null", "accept": "application/json, text/plain, */*", "sec_ch_ua": "\" Not;A Brand\";v=\"99\", \"Google Chrome\";v=\"91\", \"Chromium\";v=\"91\"", "connection": "close", "host": "localhost:9091"}, "user_id": null, "ip": "127.0.0.1", "trace_id": "a59340a8-7163-445f-9860-8ff0937e75e1"}
[2022-06-17 08:49:27,457] [INFO] [Thread-3 (process_request_thread)] [sse.lib.utils.logger] | Receive request from IP: 127.0.0.1 by url: /user/login/ with method: POST
[2022-06-17 08:49:27,457] [DEBUG] [Thread-3 (process_request_thread)] [sse.lib.utils.logger] | Return response: {"status": 200, "body": {"msg": "登录成功", "result": true, "data": {"user_id": "root", "email": "234343@qq.com", "mobile": "15800433332", "upload": "http://localhost:9091/media/icon/default.png", "token": "eyJ0eXAiOiJKV1QiLCJhbGciOiJIUzI1NiJ9.eyJ1c2VyX2lkIjoicm9vdCIsInVzZXJuYW1lIjoicm9vdCIsImV4cCI6MTY1NTUxMzM2NywiZW1haWwiOiIyMzQzNDNAcXEuY29tIn0.uGdbkGCr2clc5msmQaa7cR78p6ZCOZyLelyJedFSDr8"}, "code": 1002, "login_time": "2022-06-17 08:49:27.453423"}, "headers": {"Content-Type": "application/json", "Allow": "POST, OPTIONS", "X-Frame-Options": "DENY", "Content-Length": "414", "Vary": "Origin", "Access-Control-Allow-Credentials": "true", "Access-Control-Allow-Origin": "http://127.0.0.1:8081", "X-Content-Type-Options": "nosniff", "Referrer-Policy": "same-origin"}, "trace_id": "a59340a8-7163-445f-9860-8ff0937e75e1"}
[2022-06-17 08:49:47,228] [DEBUG] [Thread-4 (process_request_thread)] [sse.lib.utils.logger] | Start SentryMiddleware procedure and prepare to upload to Sentry
[2022-06-17 08:49:47,229] [DEBUG] [Thread-4 (process_request_thread)] [sse.lib.utils.logger] | Start LoggerMiddleware procedure and prepare to record log data
[2022-06-17 08:49:47,229] [DEBUG] [Thread-4 (process_request_thread)] [sse.lib.utils.logger] | Receive request: {"method": "GET", "path": "/api/project/", "view": "api:apiproject-list", "body": null, "headers": {"cookie": "Hm_lvt_0703cfc0023d60b244e06b5cacfef877=1626310855; jenkins-timestamper-offset=-28800000; csrftoken=aCYpY4DVzKNOrqblm9RWfpZ99YgLlwoXpxlvnO8RHZ8qfogMOKqVpffrE6vkrKqw", "accept_language": "zh-CN,zh;q=0.9", "accept_encoding": "gzip, deflate, br", "referer": "http://127.0.0.1:8081/", "sec_fetch_dest": "empty", "sec_fetch_mode": "cors", "sec_fetch_site": "same-origin", "user_agent": "Mozilla/5.0 (Windows NT 10.0; Win64; x64) AppleWebKit/537.36 (KHTML, like Gecko) Chrome/91.0.4472.114 Safari/537.36", "sec_ch_ua_mobile": "?0", "authorization": "eyJ0eXAiOiJKV1QiLCJhbGciOiJIUzI1NiJ9.eyJ1c2VyX2lkIjoicm9vdCIsInVzZXJuYW1lIjoicm9vdCIsImV4cCI6MTY1NTUxMzM2NywiZW1haWwiOiIyMzQzNDNAcXEuY29tIn0.uGdbkGCr2clc5msmQaa7cR78p6ZCOZyLelyJedFSDr8", "accept": "application/json, text/plain, */*", "sec_ch_ua": "\" Not;A Brand\";v=\"99\", \"Google Chrome\";v=\"91\", \"Chromium\";v=\"91\"", "connection": "close", "host": "localhost:9091"}, "user_id": "root", "ip": "127.0.0.1", "trace_id": "b91fe81d-6d79-4370-8a7f-2e36f9493465"}
[2022-06-17 08:49:47,230] [INFO] [Thread-4 (process_request_thread)] [sse.lib.utils.logger] | Receive request from IP: 127.0.0.1 by url: /api/project/ with method: GET
[2022-06-17 08:49:47,230] [DEBUG] [Thread-4 (process_request_thread)] [sse.lib.utils.logger] | Return response: {"status": 200, "body": {"msg": "success", "result": true, "data": {"count": 2, "next": null, "previous": null, "results": [{"uid": "b17df0d9f31342e28e1530675e0eaca0", "statue_display": "有效", "testsuit_set": [{"uid": "6c14906888d64933977dc55bfdd5d542", "statue_display": "有效", "suit_case": [{"uid": "348e557234fc40369e873de585207bb4", "case_scenario": [{"uid": "575f034207cb48ef819c11a66b0a6ad1", "statue_display": "有效", "testcase": "login_api", "case_title": "登录接口验证", "statue": 1, "create_time": "2022-06-15T15:14:02.297406", "update_time": "2022-06-15T15:43:59.695683", "scenario": "用户名和密码均正确", "parameter": {"user_id@0": "root", "password@0": "Ccwtn@123"}, "validator": {"$.code@0@1": 1002, "$.data@4@1": "5", "$.data.email@1@0": "@qq", "$.login_time@2@0": "2022", "$.data.mobile@4@1": "11", "$.data.upload@3@0": ".png"}, "owner": "root", "cases": "348e557234fc40369e873de585207bb4"}], "casetemplate": {"uid": "5056a3b55daf410895112f6845e94f72", "statue_display": "有效", "method_display": "POST", "statue": 1, "create_time": "2022-06-15T15:10:38.941917", "update_time": "2022-06-15T15:16:39.023111", "name": "登录接口", "url": "http://127.0.0.1:9091/user/login/", "method": 1, "header": {"Content-Type": "application/json"}, "data": {"user_id": "{{user_id}}", "password": "{{password}}"}, "process_name": "", "linux_order_str": "", "table_name": "", "owner": "root"}, "statue_display": "有效", "priority_display": "中", "module": "UI", "class_title": "UI页面测试", "statue": 1, "create_time": "2022-06-15T15:13:15.595217", "update_time": "2022-06-15T15:13:15.595217", "case": "login_api", "case_title": "登录接口验证", "case_description": "", "priority": 1, "owner": "root", "template": "5056a3b55daf410895112f6845e94f72", "testsuit": "6c14906888d64933977dc55bfdd5d542"}], "projects": ["上海证券交易所自动化平台"], "statue": 1, "create_time": "2022-06-15T15:06:45.927648", "update_time": "2022-06-15T15:06:45.927648", "module": "UI", "class_title": "UI页面测试", "owner": "root", "project": ["b17df0d9f31342e28e1530675e0eaca0"]}], "statue": 1, "create_time": "2022-06-15T15:05:50.316342", "update_time": "2022-06-15T15:05:50.316342", "name": "上海证券交易所自动化平台", "description": "", "start": "2022-06-15", "end": "2022-06-15", "process": 13, "last_execute": 0, "owner": "root"}, {"uid": "49d39b7b1bf04ccdb2b9aa7ef709f0a5", "statue_display": "有效", "testsuit_set": [{"uid": "c2a1c7db189d40fcbb0e08f92e33b0c4", "statue_display": "有效", "suit_case": [{"uid": "0c758c426d4d42c8bfe54cf9badff477", "case_scenario": [{"uid": "144fc222a46744e886ea060bc083b97d", "statue_display": "有效", "testcase": "auth_api", "case_title": "登录认证", "statue": 1, "create_time": "2022-06-14T09:42:54.642238", "update_time": "2022-06-15T13:51:55.707051", "scenario": "账号和密码正确", "parameter": {"password@0": "aaaa1111!", "username@0": "admin"}, "validator": {"$.jwt@2@0": "eyJ"}, "owner": "root", "cases": "0c758c426d4d42c8bfe54cf9badff477"}], "casetemplate": {"uid": "3537bb3809364f41904a86682f609bfb", "statue_display": "有效", "method_display": "POST", "statue": 1, "create_time": "2022-06-14T09:34:05.090619", "update_time": "2022-06-14T18:10:07.938918", "name": "auth登录认证", "url": "http://192.168.246.128:9000/api/auth", "method": 1, "header": {"Content-Type": "application/json"}, "data": {"password": "{{password}}", "username": "{{username}}"}, "process_name": "", "linux_order_str": "", "table_name": "", "owner": "root"}, "statue_display": "有效", "priority_display": "中", "module": "PORTAINER", "class_title": "docker容器云", "statue": 1, "create_time": "2022-06-14T09:35:04.423124", "update_time": "2022-06-14T09:35:04.423124", "case": "auth_api", "case_title": "登录认证", "case_description": "", "priority": 1, "owner": "root", "template": "3537bb3809364f41904a86682f609bfb", "testsuit": "c2a1c7db189d40fcbb0e08f92e33b0c4"}], "projects": ["容器云"], "statue": 1, "create_time": "2022-06-14T09:32:47.986995", "update_time": "2022-06-14T09:57:00.318991", "module": "PORTAINER", "class_title": "docker容器云", "owner": "root", "project": ["49d39b7b1bf04ccdb2b9aa7ef709f0a5"]}], "statue": 1, "create_time": "2022-06-14T09:31:49.850447", "update_time": "2022-06-14T09:31:49.850447", "name": "容器云", "description": "", "start": "2022-06-01", "end": "2022-06-24", "process": 100, "last_execute": 0, "owner": "root"}]}}, "headers": {"Content-Type": "application/json", "Allow": "GET, POST, HEAD, OPTIONS", "X-Frame-Options": "DENY", "Content-Length": "4134", "Vary": "Origin", "X-Content-Type-Options": "nosniff", "Referrer-Policy": "same-origin"}, "trace_id": "b91fe81d-6d79-4370-8a7f-2e36f9493465"}
[2022-06-17 08:49:49,014] [DEBUG] [Thread-5 (process_request_thread)] [sse.lib.utils.logger] | Start SentryMiddleware procedure and prepare to upload to Sentry
[2022-06-17 08:49:49,015] [DEBUG] [Thread-5 (process_request_thread)] [sse.lib.utils.logger] | Start LoggerMiddleware procedure and prepare to record log data
[2022-06-17 08:49:49,016] [DEBUG] [Thread-5 (process_request_thread)] [sse.lib.utils.logger] | Receive request: {"method": "GET", "path": "/api/project/", "view": "api:apiproject-list", "body": null, "headers": {"cookie": "Hm_lvt_0703cfc0023d60b244e06b5cacfef877=1626310855; jenkins-timestamper-offset=-28800000; csrftoken=aCYpY4DVzKNOrqblm9RWfpZ99YgLlwoXpxlvnO8RHZ8qfogMOKqVpffrE6vkrKqw", "accept_language": "zh-CN,zh;q=0.9", "accept_encoding": "gzip, deflate, br", "referer": "http://127.0.0.1:8081/", "sec_fetch_dest": "empty", "sec_fetch_mode": "cors", "sec_fetch_site": "same-origin", "user_agent": "Mozilla/5.0 (Windows NT 10.0; Win64; x64) AppleWebKit/537.36 (KHTML, like Gecko) Chrome/91.0.4472.114 Safari/537.36", "sec_ch_ua_mobile": "?0", "authorization": "eyJ0eXAiOiJKV1QiLCJhbGciOiJIUzI1NiJ9.eyJ1c2VyX2lkIjoicm9vdCIsInVzZXJuYW1lIjoicm9vdCIsImV4cCI6MTY1NTUxMzM2NywiZW1haWwiOiIyMzQzNDNAcXEuY29tIn0.uGdbkGCr2clc5msmQaa7cR78p6ZCOZyLelyJedFSDr8", "accept": "application/json, text/plain, */*", "sec_ch_ua": "\" Not;A Brand\";v=\"99\", \"Google Chrome\";v=\"91\", \"Chromium\";v=\"91\"", "connection": "close", "host": "localhost:9091"}, "user_id": "root", "ip": "127.0.0.1", "trace_id": "8cf98c89-5b28-479f-ad24-45b9d9fac1a7"}
[2022-06-17 08:49:49,018] [INFO] [Thread-5 (process_request_thread)] [sse.lib.utils.logger] | Receive request from IP: 127.0.0.1 by url: /api/project/ with method: GET
[2022-06-17 08:49:49,019] [DEBUG] [Thread-5 (process_request_thread)] [sse.lib.utils.logger] | Return response: {"status": 200, "body": {"msg": "success", "result": true, "data": {"count": 2, "next": null, "previous": null, "results": [{"uid": "b17df0d9f31342e28e1530675e0eaca0", "statue_display": "有效", "testsuit_set": [{"uid": "6c14906888d64933977dc55bfdd5d542", "statue_display": "有效", "suit_case": [{"uid": "348e557234fc40369e873de585207bb4", "case_scenario": [{"uid": "575f034207cb48ef819c11a66b0a6ad1", "statue_display": "有效", "testcase": "login_api", "case_title": "登录接口验证", "statue": 1, "create_time": "2022-06-15T15:14:02.297406", "update_time": "2022-06-15T15:43:59.695683", "scenario": "用户名和密码均正确", "parameter": {"user_id@0": "root", "password@0": "Ccwtn@123"}, "validator": {"$.code@0@1": 1002, "$.data@4@1": "5", "$.data.email@1@0": "@qq", "$.login_time@2@0": "2022", "$.data.mobile@4@1": "11", "$.data.upload@3@0": ".png"}, "owner": "root", "cases": "348e557234fc40369e873de585207bb4"}], "casetemplate": {"uid": "5056a3b55daf410895112f6845e94f72", "statue_display": "有效", "method_display": "POST", "statue": 1, "create_time": "2022-06-15T15:10:38.941917", "update_time": "2022-06-15T15:16:39.023111", "name": "登录接口", "url": "http://127.0.0.1:9091/user/login/", "method": 1, "header": {"Content-Type": "application/json"}, "data": {"user_id": "{{user_id}}", "password": "{{password}}"}, "process_name": "", "linux_order_str": "", "table_name": "", "owner": "root"}, "statue_display": "有效", "priority_display": "中", "module": "UI", "class_title": "UI页面测试", "statue": 1, "create_time": "2022-06-15T15:13:15.595217", "update_time": "2022-06-15T15:13:15.595217", "case": "login_api", "case_title": "登录接口验证", "case_description": "", "priority": 1, "owner": "root", "template": "5056a3b55daf410895112f6845e94f72", "testsuit": "6c14906888d64933977dc55bfdd5d542"}], "projects": ["上海证券交易所自动化平台"], "statue": 1, "create_time": "2022-06-15T15:06:45.927648", "update_time": "2022-06-15T15:06:45.927648", "module": "UI", "class_title": "UI页面测试", "owner": "root", "project": ["b17df0d9f31342e28e1530675e0eaca0"]}], "statue": 1, "create_time": "2022-06-15T15:05:50.316342", "update_time": "2022-06-15T15:05:50.316342", "name": "上海证券交易所自动化平台", "description": "", "start": "2022-06-15", "end": "2022-06-15", "process": 13, "last_execute": 0, "owner": "root"}, {"uid": "49d39b7b1bf04ccdb2b9aa7ef709f0a5", "statue_display": "有效", "testsuit_set": [{"uid": "c2a1c7db189d40fcbb0e08f92e33b0c4", "statue_display": "有效", "suit_case": [{"uid": "0c758c426d4d42c8bfe54cf9badff477", "case_scenario": [{"uid": "144fc222a46744e886ea060bc083b97d", "statue_display": "有效", "testcase": "auth_api", "case_title": "登录认证", "statue": 1, "create_time": "2022-06-14T09:42:54.642238", "update_time": "2022-06-15T13:51:55.707051", "scenario": "账号和密码正确", "parameter": {"password@0": "aaaa1111!", "username@0": "admin"}, "validator": {"$.jwt@2@0": "eyJ"}, "owner": "root", "cases": "0c758c426d4d42c8bfe54cf9badff477"}], "casetemplate": {"uid": "3537bb3809364f41904a86682f609bfb", "statue_display": "有效", "method_display": "POST", "statue": 1, "create_time": "2022-06-14T09:34:05.090619", "update_time": "2022-06-14T18:10:07.938918", "name": "auth登录认证", "url": "http://192.168.246.128:9000/api/auth", "method": 1, "header": {"Content-Type": "application/json"}, "data": {"password": "{{password}}", "username": "{{username}}"}, "process_name": "", "linux_order_str": "", "table_name": "", "owner": "root"}, "statue_display": "有效", "priority_display": "中", "module": "PORTAINER", "class_title": "docker容器云", "statue": 1, "create_time": "2022-06-14T09:35:04.423124", "update_time": "2022-06-14T09:35:04.423124", "case": "auth_api", "case_title": "登录认证", "case_description": "", "priority": 1, "owner": "root", "template": "3537bb3809364f41904a86682f609bfb", "testsuit": "c2a1c7db189d40fcbb0e08f92e33b0c4"}], "projects": ["容器云"], "statue": 1, "create_time": "2022-06-14T09:32:47.986995", "update_time": "2022-06-14T09:57:00.318991", "module": "PORTAINER", "class_title": "docker容器云", "owner": "root", "project": ["49d39b7b1bf04ccdb2b9aa7ef709f0a5"]}], "statue": 1, "create_time": "2022-06-14T09:31:49.850447", "update_time": "2022-06-14T09:31:49.850447", "name": "容器云", "description": "", "start": "2022-06-01", "end": "2022-06-24", "process": 100, "last_execute": 0, "owner": "root"}]}}, "headers": {"Content-Type": "application/json", "Allow": "GET, POST, HEAD, OPTIONS", "X-Frame-Options": "DENY", "Content-Length": "4134", "Vary": "Origin", "X-Content-Type-Options": "nosniff", "Referrer-Policy": "same-origin"}, "trace_id": "8cf98c89-5b28-479f-ad24-45b9d9fac1a7"}
[2022-06-17 08:49:49,036] [DEBUG] [Thread-6 (process_request_thread)] [sse.lib.utils.logger] | Start SentryMiddleware procedure and prepare to upload to Sentry
[2022-06-17 08:49:49,036] [DEBUG] [Thread-6 (process_request_thread)] [sse.lib.utils.logger] | Start LoggerMiddleware procedure and prepare to record log data
[2022-06-17 08:49:49,037] [DEBUG] [Thread-6 (process_request_thread)] [sse.lib.utils.logger] | Receive request: {"method": "GET", "path": "/api/suit/", "view": "api:suit-list", "body": null, "headers": {"cookie": "Hm_lvt_0703cfc0023d60b244e06b5cacfef877=1626310855; jenkins-timestamper-offset=-28800000; csrftoken=aCYpY4DVzKNOrqblm9RWfpZ99YgLlwoXpxlvnO8RHZ8qfogMOKqVpffrE6vkrKqw", "accept_language": "zh-CN,zh;q=0.9", "accept_encoding": "gzip, deflate, br", "referer": "http://127.0.0.1:8081/", "sec_fetch_dest": "empty", "sec_fetch_mode": "cors", "sec_fetch_site": "same-origin", "user_agent": "Mozilla/5.0 (Windows NT 10.0; Win64; x64) AppleWebKit/537.36 (KHTML, like Gecko) Chrome/91.0.4472.114 Safari/537.36", "sec_ch_ua_mobile": "?0", "authorization": "eyJ0eXAiOiJKV1QiLCJhbGciOiJIUzI1NiJ9.eyJ1c2VyX2lkIjoicm9vdCIsInVzZXJuYW1lIjoicm9vdCIsImV4cCI6MTY1NTUxMzM2NywiZW1haWwiOiIyMzQzNDNAcXEuY29tIn0.uGdbkGCr2clc5msmQaa7cR78p6ZCOZyLelyJedFSDr8", "accept": "application/json, text/plain, */*", "sec_ch_ua": "\" Not;A Brand\";v=\"99\", \"Google Chrome\";v=\"91\", \"Chromium\";v=\"91\"", "connection": "close", "host": "localhost:9091"}, "user_id": "root", "ip": "127.0.0.1", "trace_id": "11acb7f1-cd95-4e63-a9f2-49202b49dff1"}
[2022-06-17 08:49:49,038] [INFO] [Thread-6 (process_request_thread)] [sse.lib.utils.logger] | Receive request from IP: 127.0.0.1 by url: /api/suit/ with method: GET
[2022-06-17 08:49:49,038] [DEBUG] [Thread-6 (process_request_thread)] [sse.lib.utils.logger] | Return response: {"status": 200, "body": {"msg": "success", "result": true, "data": {"count": 2, "next": null, "previous": null, "results": [{"uid": "6c14906888d64933977dc55bfdd5d542", "statue_display": "有效", "suit_case": [{"uid": "348e557234fc40369e873de585207bb4", "case_scenario": [{"uid": "575f034207cb48ef819c11a66b0a6ad1", "statue_display": "有效", "testcase": "login_api", "case_title": "登录接口验证", "statue": 1, "create_time": "2022-06-15T15:14:02.297406", "update_time": "2022-06-15T15:43:59.695683", "scenario": "用户名和密码均正确", "parameter": {"user_id@0": "root", "password@0": "Ccwtn@123"}, "validator": {"$.code@0@1": 1002, "$.data@4@1": "5", "$.data.email@1@0": "@qq", "$.login_time@2@0": "2022", "$.data.mobile@4@1": "11", "$.data.upload@3@0": ".png"}, "owner": "root", "cases": "348e557234fc40369e873de585207bb4"}], "casetemplate": {"uid": "5056a3b55daf410895112f6845e94f72", "statue_display": "有效", "method_display": "POST", "statue": 1, "create_time": "2022-06-15T15:10:38.941917", "update_time": "2022-06-15T15:16:39.023111", "name": "登录接口", "url": "http://127.0.0.1:9091/user/login/", "method": 1, "header": {"Content-Type": "application/json"}, "data": {"user_id": "{{user_id}}", "password": "{{password}}"}, "process_name": "", "linux_order_str": "", "table_name": "", "owner": "root"}, "statue_display": "有效", "priority_display": "中", "module": "UI", "class_title": "UI页面测试", "statue": 1, "create_time": "2022-06-15T15:13:15.595217", "update_time": "2022-06-15T15:13:15.595217", "case": "login_api", "case_title": "登录接口验证", "case_description": "", "priority": 1, "owner": "root", "template": "5056a3b55daf410895112f6845e94f72", "testsuit": "6c14906888d64933977dc55bfdd5d542"}], "projects": ["上海证券交易所自动化平台"], "statue": 1, "create_time": "2022-06-15T15:06:45.927648", "update_time": "2022-06-15T15:06:45.927648", "module": "UI", "class_title": "UI页面测试", "owner": "root", "project": ["b17df0d9f31342e28e1530675e0eaca0"]}, {"uid": "c2a1c7db189d40fcbb0e08f92e33b0c4", "statue_display": "有效", "suit_case": [{"uid": "0c758c426d4d42c8bfe54cf9badff477", "case_scenario": [{"uid": "144fc222a46744e886ea060bc083b97d", "statue_display": "有效", "testcase": "auth_api", "case_title": "登录认证", "statue": 1, "create_time": "2022-06-14T09:42:54.642238", "update_time": "2022-06-15T13:51:55.707051", "scenario": "账号和密码正确", "parameter": {"password@0": "aaaa1111!", "username@0": "admin"}, "validator": {"$.jwt@2@0": "eyJ"}, "owner": "root", "cases": "0c758c426d4d42c8bfe54cf9badff477"}], "casetemplate": {"uid": "3537bb3809364f41904a86682f609bfb", "statue_display": "有效", "method_display": "POST", "statue": 1, "create_time": "2022-06-14T09:34:05.090619", "update_time": "2022-06-14T18:10:07.938918", "name": "auth登录认证", "url": "http://192.168.246.128:9000/api/auth", "method": 1, "header": {"Content-Type": "application/json"}, "data": {"password": "{{password}}", "username": "{{username}}"}, "process_name": "", "linux_order_str": "", "table_name": "", "owner": "root"}, "statue_display": "有效", "priority_display": "中", "module": "PORTAINER", "class_title": "docker容器云", "statue": 1, "create_time": "2022-06-14T09:35:04.423124", "update_time": "2022-06-14T09:35:04.423124", "case": "auth_api", "case_title": "登录认证", "case_description": "", "priority": 1, "owner": "root", "template": "3537bb3809364f41904a86682f609bfb", "testsuit": "c2a1c7db189d40fcbb0e08f92e33b0c4"}], "projects": ["容器云"], "statue": 1, "create_time": "2022-06-14T09:32:47.986995", "update_time": "2022-06-14T09:57:00.318991", "module": "PORTAINER", "class_title": "docker容器云", "owner": "root", "project": ["49d39b7b1bf04ccdb2b9aa7ef709f0a5"]}]}}, "headers": {"Content-Type": "application/json", "Allow": "GET, POST, HEAD, OPTIONS", "X-Frame-Options": "DENY", "Content-Length": "3498", "Vary": "Origin", "X-Content-Type-Options": "nosniff", "Referrer-Policy": "same-origin"}, "trace_id": "11acb7f1-cd95-4e63-a9f2-49202b49dff1"}
[2022-06-17 08:49:50,097] [DEBUG] [Thread-7 (process_request_thread)] [sse.lib.utils.logger] | Start SentryMiddleware procedure and prepare to upload to Sentry
[2022-06-17 08:49:50,098] [DEBUG] [Thread-7 (process_request_thread)] [sse.lib.utils.logger] | Start LoggerMiddleware procedure and prepare to record log data
[2022-06-17 08:49:50,098] [DEBUG] [Thread-7 (process_request_thread)] [sse.lib.utils.logger] | Receive request: {"method": "GET", "path": "/api/template/", "view": "api:template-list", "body": null, "headers": {"cookie": "Hm_lvt_0703cfc0023d60b244e06b5cacfef877=1626310855; jenkins-timestamper-offset=-28800000; csrftoken=aCYpY4DVzKNOrqblm9RWfpZ99YgLlwoXpxlvnO8RHZ8qfogMOKqVpffrE6vkrKqw", "accept_language": "zh-CN,zh;q=0.9", "accept_encoding": "gzip, deflate, br", "referer": "http://127.0.0.1:8081/", "sec_fetch_dest": "empty", "sec_fetch_mode": "cors", "sec_fetch_site": "same-origin", "user_agent": "Mozilla/5.0 (Windows NT 10.0; Win64; x64) AppleWebKit/537.36 (KHTML, like Gecko) Chrome/91.0.4472.114 Safari/537.36", "sec_ch_ua_mobile": "?0", "authorization": "eyJ0eXAiOiJKV1QiLCJhbGciOiJIUzI1NiJ9.eyJ1c2VyX2lkIjoicm9vdCIsInVzZXJuYW1lIjoicm9vdCIsImV4cCI6MTY1NTUxMzM2NywiZW1haWwiOiIyMzQzNDNAcXEuY29tIn0.uGdbkGCr2clc5msmQaa7cR78p6ZCOZyLelyJedFSDr8", "accept": "application/json, text/plain, */*", "sec_ch_ua": "\" Not;A Brand\";v=\"99\", \"Google Chrome\";v=\"91\", \"Chromium\";v=\"91\"", "connection": "close", "host": "localhost:9091"}, "user_id": "root", "ip": "127.0.0.1", "trace_id": "bde51011-ff1c-47c3-828f-c76b31fb2d61"}
[2022-06-17 08:49:50,099] [INFO] [Thread-7 (process_request_thread)] [sse.lib.utils.logger] | Receive request from IP: 127.0.0.1 by url: /api/template/ with method: GET
[2022-06-17 08:49:50,099] [DEBUG] [Thread-7 (process_request_thread)] [sse.lib.utils.logger] | Return response: {"status": 200, "body": {"msg": "success", "result": true, "data": {"count": 3, "next": null, "previous": null, "results": [{"uid": "5056a3b55daf410895112f6845e94f72", "statue_display": "有效", "method_display": "POST", "statue": 1, "create_time": "2022-06-15T15:10:38.941917", "update_time": "2022-06-15T15:16:39.023111", "name": "登录接口", "url": "http://127.0.0.1:9091/user/login/", "method": 1, "header": {"Content-Type": "application/json"}, "data": {"user_id": "{{user_id}}", "password": "{{password}}"}, "process_name": "", "linux_order_str": "", "table_name": "", "owner": "root"}, {"uid": "3537bb3809364f41904a86682f609bfb", "statue_display": "有效", "method_display": "POST", "statue": 1, "create_time": "2022-06-14T09:34:05.090619", "update_time": "2022-06-14T18:10:07.938918", "name": "auth登录认证", "url": "http://192.168.246.128:9000/api/auth", "method": 1, "header": {"Content-Type": "application/json"}, "data": {"password": "{{password}}", "username": "{{username}}"}, "process_name": "", "linux_order_str": "", "table_name": "", "owner": "root"}, {"uid": "fd879552f34f4d3eb57f922564d674cd", "statue_display": "有效", "method_display": "GET", "statue": 1, "create_time": "2022-06-14T16:56:41.145627", "update_time": "2022-06-14T16:56:41.145627", "name": "首页访问", "url": "http://192.168.246.128:9000/#/home", "method": 0, "header": {"jhgj": "hgjhg"}, "data": {"e": 11, "ewe": 32132}, "process_name": "", "linux_order_str": "", "table_name": "", "owner": "root"}]}}, "headers": {"Content-Type": "application/json", "Allow": "GET, POST, HEAD, OPTIONS", "X-Frame-Options": "DENY", "Content-Length": "1366", "Vary": "Origin", "X-Content-Type-Options": "nosniff", "Referrer-Policy": "same-origin"}, "trace_id": "bde51011-ff1c-47c3-828f-c76b31fb2d61"}
[2022-06-17 08:49:52,001] [DEBUG] [Thread-9 (process_request_thread)] [sse.lib.utils.logger] | Start SentryMiddleware procedure and prepare to upload to Sentry
[2022-06-17 08:49:52,003] [DEBUG] [Thread-9 (process_request_thread)] [sse.lib.utils.logger] | Start LoggerMiddleware procedure and prepare to record log data
[2022-06-17 08:49:52,008] [DEBUG] [Thread-9 (process_request_thread)] [sse.lib.utils.logger] | Receive request: {"method": "GET", "path": "/api/template/", "view": "api:template-list", "body": null, "headers": {"cookie": "Hm_lvt_0703cfc0023d60b244e06b5cacfef877=1626310855; jenkins-timestamper-offset=-28800000; csrftoken=aCYpY4DVzKNOrqblm9RWfpZ99YgLlwoXpxlvnO8RHZ8qfogMOKqVpffrE6vkrKqw", "accept_language": "zh-CN,zh;q=0.9", "accept_encoding": "gzip, deflate, br", "referer": "http://127.0.0.1:8081/", "sec_fetch_dest": "empty", "sec_fetch_mode": "cors", "sec_fetch_site": "same-origin", "user_agent": "Mozilla/5.0 (Windows NT 10.0; Win64; x64) AppleWebKit/537.36 (KHTML, like Gecko) Chrome/91.0.4472.114 Safari/537.36", "sec_ch_ua_mobile": "?0", "authorization": "eyJ0eXAiOiJKV1QiLCJhbGciOiJIUzI1NiJ9.eyJ1c2VyX2lkIjoicm9vdCIsInVzZXJuYW1lIjoicm9vdCIsImV4cCI6MTY1NTUxMzM2NywiZW1haWwiOiIyMzQzNDNAcXEuY29tIn0.uGdbkGCr2clc5msmQaa7cR78p6ZCOZyLelyJedFSDr8", "accept": "application/json, text/plain, */*", "sec_ch_ua": "\" Not;A Brand\";v=\"99\", \"Google Chrome\";v=\"91\", \"Chromium\";v=\"91\"", "connection": "close", "host": "localhost:9091"}, "user_id": "root", "ip": "127.0.0.1", "trace_id": "9fec5271-98c2-462f-8acc-eeef1d6af739"}
[2022-06-17 08:49:52,016] [INFO] [Thread-9 (process_request_thread)] [sse.lib.utils.logger] | Receive request from IP: 127.0.0.1 by url: /api/template/ with method: GET
[2022-06-17 08:49:52,017] [DEBUG] [Thread-9 (process_request_thread)] [sse.lib.utils.logger] | Return response: {"status": 200, "body": {"msg": "success", "result": true, "data": {"count": 3, "next": null, "previous": null, "results": [{"uid": "5056a3b55daf410895112f6845e94f72", "statue_display": "有效", "method_display": "POST", "statue": 1, "create_time": "2022-06-15T15:10:38.941917", "update_time": "2022-06-15T15:16:39.023111", "name": "登录接口", "url": "http://127.0.0.1:9091/user/login/", "method": 1, "header": {"Content-Type": "application/json"}, "data": {"user_id": "{{user_id}}", "password": "{{password}}"}, "process_name": "", "linux_order_str": "", "table_name": "", "owner": "root"}, {"uid": "3537bb3809364f41904a86682f609bfb", "statue_display": "有效", "method_display": "POST", "statue": 1, "create_time": "2022-06-14T09:34:05.090619", "update_time": "2022-06-14T18:10:07.938918", "name": "auth登录认证", "url": "http://192.168.246.128:9000/api/auth", "method": 1, "header": {"Content-Type": "application/json"}, "data": {"password": "{{password}}", "username": "{{username}}"}, "process_name": "", "linux_order_str": "", "table_name": "", "owner": "root"}, {"uid": "fd879552f34f4d3eb57f922564d674cd", "statue_display": "有效", "method_display": "GET", "statue": 1, "create_time": "2022-06-14T16:56:41.145627", "update_time": "2022-06-14T16:56:41.145627", "name": "首页访问", "url": "http://192.168.246.128:9000/#/home", "method": 0, "header": {"jhgj": "hgjhg"}, "data": {"e": 11, "ewe": 32132}, "process_name": "", "linux_order_str": "", "table_name": "", "owner": "root"}]}}, "headers": {"Content-Type": "application/json", "Allow": "GET, POST, HEAD, OPTIONS", "X-Frame-Options": "DENY", "Content-Length": "1366", "Vary": "Origin", "X-Content-Type-Options": "nosniff", "Referrer-Policy": "same-origin"}, "trace_id": "9fec5271-98c2-462f-8acc-eeef1d6af739"}
[2022-06-17 08:49:52,042] [DEBUG] [Thread-10 (process_request_thread)] [sse.lib.utils.logger] | Start SentryMiddleware procedure and prepare to upload to Sentry
[2022-06-17 08:49:52,043] [DEBUG] [Thread-8 (process_request_thread)] [sse.lib.utils.logger] | Start SentryMiddleware procedure and prepare to upload to Sentry
[2022-06-17 08:49:52,043] [DEBUG] [Thread-10 (process_request_thread)] [sse.lib.utils.logger] | Start LoggerMiddleware procedure and prepare to record log data
[2022-06-17 08:49:52,044] [DEBUG] [Thread-8 (process_request_thread)] [sse.lib.utils.logger] | Start LoggerMiddleware procedure and prepare to record log data
[2022-06-17 08:49:52,044] [DEBUG] [Thread-10 (process_request_thread)] [sse.lib.utils.logger] | Receive request: {"method": "GET", "path": "/api/case/", "view": "api:case-list", "body": null, "headers": {"cookie": "Hm_lvt_0703cfc0023d60b244e06b5cacfef877=1626310855; jenkins-timestamper-offset=-28800000; csrftoken=aCYpY4DVzKNOrqblm9RWfpZ99YgLlwoXpxlvnO8RHZ8qfogMOKqVpffrE6vkrKqw", "accept_language": "zh-CN,zh;q=0.9", "accept_encoding": "gzip, deflate, br", "referer": "http://127.0.0.1:8081/", "sec_fetch_dest": "empty", "sec_fetch_mode": "cors", "sec_fetch_site": "same-origin", "user_agent": "Mozilla/5.0 (Windows NT 10.0; Win64; x64) AppleWebKit/537.36 (KHTML, like Gecko) Chrome/91.0.4472.114 Safari/537.36", "sec_ch_ua_mobile": "?0", "authorization": "eyJ0eXAiOiJKV1QiLCJhbGciOiJIUzI1NiJ9.eyJ1c2VyX2lkIjoicm9vdCIsInVzZXJuYW1lIjoicm9vdCIsImV4cCI6MTY1NTUxMzM2NywiZW1haWwiOiIyMzQzNDNAcXEuY29tIn0.uGdbkGCr2clc5msmQaa7cR78p6ZCOZyLelyJedFSDr8", "accept": "application/json, text/plain, */*", "sec_ch_ua": "\" Not;A Brand\";v=\"99\", \"Google Chrome\";v=\"91\", \"Chromium\";v=\"91\"", "connection": "close", "host": "localhost:9091"}, "user_id": "root", "ip": "127.0.0.1", "trace_id": "543e3fed-07f8-4a0d-b058-3cd52ee9754b"}
[2022-06-17 08:49:52,045] [DEBUG] [Thread-8 (process_request_thread)] [sse.lib.utils.logger] | Receive request: {"method": "GET", "path": "/api/suit/", "view": "api:suit-list", "body": null, "headers": {"cookie": "Hm_lvt_0703cfc0023d60b244e06b5cacfef877=1626310855; jenkins-timestamper-offset=-28800000; csrftoken=aCYpY4DVzKNOrqblm9RWfpZ99YgLlwoXpxlvnO8RHZ8qfogMOKqVpffrE6vkrKqw", "accept_language": "zh-CN,zh;q=0.9", "accept_encoding": "gzip, deflate, br", "referer": "http://127.0.0.1:8081/", "sec_fetch_dest": "empty", "sec_fetch_mode": "cors", "sec_fetch_site": "same-origin", "user_agent": "Mozilla/5.0 (Windows NT 10.0; Win64; x64) AppleWebKit/537.36 (KHTML, like Gecko) Chrome/91.0.4472.114 Safari/537.36", "sec_ch_ua_mobile": "?0", "authorization": "eyJ0eXAiOiJKV1QiLCJhbGciOiJIUzI1NiJ9.eyJ1c2VyX2lkIjoicm9vdCIsInVzZXJuYW1lIjoicm9vdCIsImV4cCI6MTY1NTUxMzM2NywiZW1haWwiOiIyMzQzNDNAcXEuY29tIn0.uGdbkGCr2clc5msmQaa7cR78p6ZCOZyLelyJedFSDr8", "accept": "application/json, text/plain, */*", "sec_ch_ua": "\" Not;A Brand\";v=\"99\", \"Google Chrome\";v=\"91\", \"Chromium\";v=\"91\"", "connection": "close", "host": "localhost:9091"}, "user_id": "root", "ip": "127.0.0.1", "trace_id": "85e16314-ce86-4658-a4e2-2e9cbfcb446f"}
[2022-06-17 08:49:52,045] [INFO] [Thread-10 (process_request_thread)] [sse.lib.utils.logger] | Receive request from IP: 127.0.0.1 by url: /api/case/ with method: GET
[2022-06-17 08:49:52,046] [INFO] [Thread-8 (process_request_thread)] [sse.lib.utils.logger] | Receive request from IP: 127.0.0.1 by url: /api/suit/ with method: GET
[2022-06-17 08:49:52,046] [DEBUG] [Thread-10 (process_request_thread)] [sse.lib.utils.logger] | Return response: {"status": 200, "body": {"msg": "success", "result": true, "data": {"count": 2, "next": null, "previous": null, "results": [{"uid": "348e557234fc40369e873de585207bb4", "case_scenario": [{"uid": "575f034207cb48ef819c11a66b0a6ad1", "statue_display": "有效", "testcase": "login_api", "case_title": "登录接口验证", "statue": 1, "create_time": "2022-06-15T15:14:02.297406", "update_time": "2022-06-15T15:43:59.695683", "scenario": "用户名和密码均正确", "parameter": {"user_id@0": "root", "password@0": "Ccwtn@123"}, "validator": {"$.code@0@1": 1002, "$.data@4@1": "5", "$.data.email@1@0": "@qq", "$.login_time@2@0": "2022", "$.data.mobile@4@1": "11", "$.data.upload@3@0": ".png"}, "owner": "root", "cases": "348e557234fc40369e873de585207bb4"}], "casetemplate": {"uid": "5056a3b55daf410895112f6845e94f72", "statue_display": "有效", "method_display": "POST", "statue": 1, "create_time": "2022-06-15T15:10:38.941917", "update_time": "2022-06-15T15:16:39.023111", "name": "登录接口", "url": "http://127.0.0.1:9091/user/login/", "method": 1, "header": {"Content-Type": "application/json"}, "data": {"user_id": "{{user_id}}", "password": "{{password}}"}, "process_name": "", "linux_order_str": "", "table_name": "", "owner": "root"}, "statue_display": "有效", "priority_display": "中", "module": "UI", "class_title": "UI页面测试", "statue": 1, "create_time": "2022-06-15T15:13:15.595217", "update_time": "2022-06-15T15:13:15.595217", "case": "login_api", "case_title": "登录接口验证", "case_description": "", "priority": 1, "owner": "root", "template": "5056a3b55daf410895112f6845e94f72", "testsuit": "6c14906888d64933977dc55bfdd5d542"}, {"uid": "0c758c426d4d42c8bfe54cf9badff477", "case_scenario": [{"uid": "144fc222a46744e886ea060bc083b97d", "statue_display": "有效", "testcase": "auth_api", "case_title": "登录认证", "statue": 1, "create_time": "2022-06-14T09:42:54.642238", "update_time": "2022-06-15T13:51:55.707051", "scenario": "账号和密码正确", "parameter": {"password@0": "aaaa1111!", "username@0": "admin"}, "validator": {"$.jwt@2@0": "eyJ"}, "owner": "root", "cases": "0c758c426d4d42c8bfe54cf9badff477"}], "casetemplate": {"uid": "3537bb3809364f41904a86682f609bfb", "statue_display": "有效", "method_display": "POST", "statue": 1, "create_time": "2022-06-14T09:34:05.090619", "update_time": "2022-06-14T18:10:07.938918", "name": "auth登录认证", "url": "http://192.168.246.128:9000/api/auth", "method": 1, "header": {"Content-Type": "application/json"}, "data": {"password": "{{password}}", "username": "{{username}}"}, "process_name": "", "linux_order_str": "", "table_name": "", "owner": "root"}, "statue_display": "有效", "priority_display": "中", "module": "PORTAINER", "class_title": "docker容器云", "statue": 1, "create_time": "2022-06-14T09:35:04.423124", "update_time": "2022-06-14T09:35:04.423124", "case": "auth_api", "case_title": "登录认证", "case_description": "", "priority": 1, "owner": "root", "template": "3537bb3809364f41904a86682f609bfb", "testsuit": "c2a1c7db189d40fcbb0e08f92e33b0c4"}]}}, "headers": {"Content-Type": "application/json", "Allow": "GET, POST, HEAD, OPTIONS", "X-Frame-Options": "DENY", "Content-Length": "2839", "Vary": "Origin", "X-Content-Type-Options": "nosniff", "Referrer-Policy": "same-origin"}, "trace_id": "543e3fed-07f8-4a0d-b058-3cd52ee9754b"}
[2022-06-17 08:49:52,047] [DEBUG] [Thread-8 (process_request_thread)] [sse.lib.utils.logger] | Return response: {"status": 200, "body": {"msg": "success", "result": true, "data": {"count": 2, "next": null, "previous": null, "results": [{"uid": "6c14906888d64933977dc55bfdd5d542", "statue_display": "有效", "suit_case": [{"uid": "348e557234fc40369e873de585207bb4", "case_scenario": [{"uid": "575f034207cb48ef819c11a66b0a6ad1", "statue_display": "有效", "testcase": "login_api", "case_title": "登录接口验证", "statue": 1, "create_time": "2022-06-15T15:14:02.297406", "update_time": "2022-06-15T15:43:59.695683", "scenario": "用户名和密码均正确", "parameter": {"user_id@0": "root", "password@0": "Ccwtn@123"}, "validator": {"$.code@0@1": 1002, "$.data@4@1": "5", "$.data.email@1@0": "@qq", "$.login_time@2@0": "2022", "$.data.mobile@4@1": "11", "$.data.upload@3@0": ".png"}, "owner": "root", "cases": "348e557234fc40369e873de585207bb4"}], "casetemplate": {"uid": "5056a3b55daf410895112f6845e94f72", "statue_display": "有效", "method_display": "POST", "statue": 1, "create_time": "2022-06-15T15:10:38.941917", "update_time": "2022-06-15T15:16:39.023111", "name": "登录接口", "url": "http://127.0.0.1:9091/user/login/", "method": 1, "header": {"Content-Type": "application/json"}, "data": {"user_id": "{{user_id}}", "password": "{{password}}"}, "process_name": "", "linux_order_str": "", "table_name": "", "owner": "root"}, "statue_display": "有效", "priority_display": "中", "module": "UI", "class_title": "UI页面测试", "statue": 1, "create_time": "2022-06-15T15:13:15.595217", "update_time": "2022-06-15T15:13:15.595217", "case": "login_api", "case_title": "登录接口验证", "case_description": "", "priority": 1, "owner": "root", "template": "5056a3b55daf410895112f6845e94f72", "testsuit": "6c14906888d64933977dc55bfdd5d542"}], "projects": ["上海证券交易所自动化平台"], "statue": 1, "create_time": "2022-06-15T15:06:45.927648", "update_time": "2022-06-15T15:06:45.927648", "module": "UI", "class_title": "UI页面测试", "owner": "root", "project": ["b17df0d9f31342e28e1530675e0eaca0"]}, {"uid": "c2a1c7db189d40fcbb0e08f92e33b0c4", "statue_display": "有效", "suit_case": [{"uid": "0c758c426d4d42c8bfe54cf9badff477", "case_scenario": [{"uid": "144fc222a46744e886ea060bc083b97d", "statue_display": "有效", "testcase": "auth_api", "case_title": "登录认证", "statue": 1, "create_time": "2022-06-14T09:42:54.642238", "update_time": "2022-06-15T13:51:55.707051", "scenario": "账号和密码正确", "parameter": {"password@0": "aaaa1111!", "username@0": "admin"}, "validator": {"$.jwt@2@0": "eyJ"}, "owner": "root", "cases": "0c758c426d4d42c8bfe54cf9badff477"}], "casetemplate": {"uid": "3537bb3809364f41904a86682f609bfb", "statue_display": "有效", "method_display": "POST", "statue": 1, "create_time": "2022-06-14T09:34:05.090619", "update_time": "2022-06-14T18:10:07.938918", "name": "auth登录认证", "url": "http://192.168.246.128:9000/api/auth", "method": 1, "header": {"Content-Type": "application/json"}, "data": {"password": "{{password}}", "username": "{{username}}"}, "process_name": "", "linux_order_str": "", "table_name": "", "owner": "root"}, "statue_display": "有效", "priority_display": "中", "module": "PORTAINER", "class_title": "docker容器云", "statue": 1, "create_time": "2022-06-14T09:35:04.423124", "update_time": "2022-06-14T09:35:04.423124", "case": "auth_api", "case_title": "登录认证", "case_description": "", "priority": 1, "owner": "root", "template": "3537bb3809364f41904a86682f609bfb", "testsuit": "c2a1c7db189d40fcbb0e08f92e33b0c4"}], "projects": ["容器云"], "statue": 1, "create_time": "2022-06-14T09:32:47.986995", "update_time": "2022-06-14T09:57:00.318991", "module": "PORTAINER", "class_title": "docker容器云", "owner": "root", "project": ["49d39b7b1bf04ccdb2b9aa7ef709f0a5"]}]}}, "headers": {"Content-Type": "application/json", "Allow": "GET, POST, HEAD, OPTIONS", "X-Frame-Options": "DENY", "Content-Length": "3498", "Vary": "Origin", "X-Content-Type-Options": "nosniff", "Referrer-Policy": "same-origin"}, "trace_id": "85e16314-ce86-4658-a4e2-2e9cbfcb446f"}
[2022-06-17 08:49:53,480] [DEBUG] [Thread-12 (process_request_thread)] [sse.lib.utils.logger] | Start SentryMiddleware procedure and prepare to upload to Sentry
[2022-06-17 08:49:53,481] [DEBUG] [Thread-12 (process_request_thread)] [sse.lib.utils.logger] | Start LoggerMiddleware procedure and prepare to record log data
[2022-06-17 08:49:53,482] [DEBUG] [Thread-12 (process_request_thread)] [sse.lib.utils.logger] | Receive request: {"method": "GET", "path": "/api/scenario/", "view": "api:scenario-list", "body": null, "headers": {"cookie": "Hm_lvt_0703cfc0023d60b244e06b5cacfef877=1626310855; jenkins-timestamper-offset=-28800000; csrftoken=aCYpY4DVzKNOrqblm9RWfpZ99YgLlwoXpxlvnO8RHZ8qfogMOKqVpffrE6vkrKqw", "accept_language": "zh-CN,zh;q=0.9", "accept_encoding": "gzip, deflate, br", "referer": "http://127.0.0.1:8081/", "sec_fetch_dest": "empty", "sec_fetch_mode": "cors", "sec_fetch_site": "same-origin", "user_agent": "Mozilla/5.0 (Windows NT 10.0; Win64; x64) AppleWebKit/537.36 (KHTML, like Gecko) Chrome/91.0.4472.114 Safari/537.36", "sec_ch_ua_mobile": "?0", "authorization": "eyJ0eXAiOiJKV1QiLCJhbGciOiJIUzI1NiJ9.eyJ1c2VyX2lkIjoicm9vdCIsInVzZXJuYW1lIjoicm9vdCIsImV4cCI6MTY1NTUxMzM2NywiZW1haWwiOiIyMzQzNDNAcXEuY29tIn0.uGdbkGCr2clc5msmQaa7cR78p6ZCOZyLelyJedFSDr8", "accept": "application/json, text/plain, */*", "sec_ch_ua": "\" Not;A Brand\";v=\"99\", \"Google Chrome\";v=\"91\", \"Chromium\";v=\"91\"", "connection": "close", "host": "localhost:9091"}, "user_id": "root", "ip": "127.0.0.1", "trace_id": "b92b7bb7-0ba7-49a6-9e51-937f7259cb8a"}
[2022-06-17 08:49:53,482] [INFO] [Thread-12 (process_request_thread)] [sse.lib.utils.logger] | Receive request from IP: 127.0.0.1 by url: /api/scenario/ with method: GET
[2022-06-17 08:49:53,483] [DEBUG] [Thread-12 (process_request_thread)] [sse.lib.utils.logger] | Return response: {"status": 200, "body": {"msg": "success", "result": true, "data": {"count": 2, "next": null, "previous": null, "results": [{"uid": "575f034207cb48ef819c11a66b0a6ad1", "statue_display": "有效", "testcase": "login_api", "case_title": "登录接口验证", "statue": 1, "create_time": "2022-06-15T15:14:02.297406", "update_time": "2022-06-15T15:43:59.695683", "scenario": "用户名和密码均正确", "parameter": {"user_id@0": "root", "password@0": "Ccwtn@123"}, "validator": {"$.code@0@1": 1002, "$.data@4@1": "5", "$.data.email@1@0": "@qq", "$.login_time@2@0": "2022", "$.data.mobile@4@1": "11", "$.data.upload@3@0": ".png"}, "owner": "root", "cases": "348e557234fc40369e873de585207bb4"}, {"uid": "144fc222a46744e886ea060bc083b97d", "statue_display": "有效", "testcase": "auth_api", "case_title": "登录认证", "statue": 1, "create_time": "2022-06-14T09:42:54.642238", "update_time": "2022-06-15T13:51:55.707051", "scenario": "账号和密码正确", "parameter": {"password@0": "aaaa1111!", "username@0": "admin"}, "validator": {"$.jwt@2@0": "eyJ"}, "owner": "root", "cases": "0c758c426d4d42c8bfe54cf9badff477"}]}}, "headers": {"Content-Type": "application/json", "Allow": "GET, POST, HEAD, OPTIONS", "X-Frame-Options": "DENY", "Content-Length": "1023", "Vary": "Origin", "X-Content-Type-Options": "nosniff", "Referrer-Policy": "same-origin"}, "trace_id": "b92b7bb7-0ba7-49a6-9e51-937f7259cb8a"}
[2022-06-17 08:49:53,511] [DEBUG] [Thread-11 (process_request_thread)] [sse.lib.utils.logger] | Start SentryMiddleware procedure and prepare to upload to Sentry
[2022-06-17 08:49:53,511] [DEBUG] [Thread-11 (process_request_thread)] [sse.lib.utils.logger] | Start LoggerMiddleware procedure and prepare to record log data
[2022-06-17 08:49:53,513] [DEBUG] [Thread-11 (process_request_thread)] [sse.lib.utils.logger] | Receive request: {"method": "GET", "path": "/api/case/", "view": "api:case-list", "body": null, "headers": {"cookie": "Hm_lvt_0703cfc0023d60b244e06b5cacfef877=1626310855; jenkins-timestamper-offset=-28800000; csrftoken=aCYpY4DVzKNOrqblm9RWfpZ99YgLlwoXpxlvnO8RHZ8qfogMOKqVpffrE6vkrKqw", "accept_language": "zh-CN,zh;q=0.9", "accept_encoding": "gzip, deflate, br", "referer": "http://127.0.0.1:8081/", "sec_fetch_dest": "empty", "sec_fetch_mode": "cors", "sec_fetch_site": "same-origin", "user_agent": "Mozilla/5.0 (Windows NT 10.0; Win64; x64) AppleWebKit/537.36 (KHTML, like Gecko) Chrome/91.0.4472.114 Safari/537.36", "sec_ch_ua_mobile": "?0", "authorization": "eyJ0eXAiOiJKV1QiLCJhbGciOiJIUzI1NiJ9.eyJ1c2VyX2lkIjoicm9vdCIsInVzZXJuYW1lIjoicm9vdCIsImV4cCI6MTY1NTUxMzM2NywiZW1haWwiOiIyMzQzNDNAcXEuY29tIn0.uGdbkGCr2clc5msmQaa7cR78p6ZCOZyLelyJedFSDr8", "accept": "application/json, text/plain, */*", "sec_ch_ua": "\" Not;A Brand\";v=\"99\", \"Google Chrome\";v=\"91\", \"Chromium\";v=\"91\"", "connection": "close", "host": "localhost:9091"}, "user_id": "root", "ip": "127.0.0.1", "trace_id": "b6c6fb52-c200-43af-82de-c92bb9f7b68b"}
[2022-06-17 08:49:53,513] [INFO] [Thread-11 (process_request_thread)] [sse.lib.utils.logger] | Receive request from IP: 127.0.0.1 by url: /api/case/ with method: GET
[2022-06-17 08:49:53,514] [DEBUG] [Thread-11 (process_request_thread)] [sse.lib.utils.logger] | Return response: {"status": 200, "body": {"msg": "success", "result": true, "data": {"count": 2, "next": null, "previous": null, "results": [{"uid": "348e557234fc40369e873de585207bb4", "case_scenario": [{"uid": "575f034207cb48ef819c11a66b0a6ad1", "statue_display": "有效", "testcase": "login_api", "case_title": "登录接口验证", "statue": 1, "create_time": "2022-06-15T15:14:02.297406", "update_time": "2022-06-15T15:43:59.695683", "scenario": "用户名和密码均正确", "parameter": {"user_id@0": "root", "password@0": "Ccwtn@123"}, "validator": {"$.code@0@1": 1002, "$.data@4@1": "5", "$.data.email@1@0": "@qq", "$.login_time@2@0": "2022", "$.data.mobile@4@1": "11", "$.data.upload@3@0": ".png"}, "owner": "root", "cases": "348e557234fc40369e873de585207bb4"}], "casetemplate": {"uid": "5056a3b55daf410895112f6845e94f72", "statue_display": "有效", "method_display": "POST", "statue": 1, "create_time": "2022-06-15T15:10:38.941917", "update_time": "2022-06-15T15:16:39.023111", "name": "登录接口", "url": "http://127.0.0.1:9091/user/login/", "method": 1, "header": {"Content-Type": "application/json"}, "data": {"user_id": "{{user_id}}", "password": "{{password}}"}, "process_name": "", "linux_order_str": "", "table_name": "", "owner": "root"}, "statue_display": "有效", "priority_display": "中", "module": "UI", "class_title": "UI页面测试", "statue": 1, "create_time": "2022-06-15T15:13:15.595217", "update_time": "2022-06-15T15:13:15.595217", "case": "login_api", "case_title": "登录接口验证", "case_description": "", "priority": 1, "owner": "root", "template": "5056a3b55daf410895112f6845e94f72", "testsuit": "6c14906888d64933977dc55bfdd5d542"}, {"uid": "0c758c426d4d42c8bfe54cf9badff477", "case_scenario": [{"uid": "144fc222a46744e886ea060bc083b97d", "statue_display": "有效", "testcase": "auth_api", "case_title": "登录认证", "statue": 1, "create_time": "2022-06-14T09:42:54.642238", "update_time": "2022-06-15T13:51:55.707051", "scenario": "账号和密码正确", "parameter": {"password@0": "aaaa1111!", "username@0": "admin"}, "validator": {"$.jwt@2@0": "eyJ"}, "owner": "root", "cases": "0c758c426d4d42c8bfe54cf9badff477"}], "casetemplate": {"uid": "3537bb3809364f41904a86682f609bfb", "statue_display": "有效", "method_display": "POST", "statue": 1, "create_time": "2022-06-14T09:34:05.090619", "update_time": "2022-06-14T18:10:07.938918", "name": "auth登录认证", "url": "http://192.168.246.128:9000/api/auth", "method": 1, "header": {"Content-Type": "application/json"}, "data": {"password": "{{password}}", "username": "{{username}}"}, "process_name": "", "linux_order_str": "", "table_name": "", "owner": "root"}, "statue_display": "有效", "priority_display": "中", "module": "PORTAINER", "class_title": "docker容器云", "statue": 1, "create_time": "2022-06-14T09:35:04.423124", "update_time": "2022-06-14T09:35:04.423124", "case": "auth_api", "case_title": "登录认证", "case_description": "", "priority": 1, "owner": "root", "template": "3537bb3809364f41904a86682f609bfb", "testsuit": "c2a1c7db189d40fcbb0e08f92e33b0c4"}]}}, "headers": {"Content-Type": "application/json", "Allow": "GET, POST, HEAD, OPTIONS", "X-Frame-Options": "DENY", "Content-Length": "2839", "Vary": "Origin", "X-Content-Type-Options": "nosniff", "Referrer-Policy": "same-origin"}, "trace_id": "b6c6fb52-c200-43af-82de-c92bb9f7b68b"}
[2022-06-17 08:49:55,194] [DEBUG] [Thread-13 (process_request_thread)] [sse.lib.utils.logger] | Start SentryMiddleware procedure and prepare to upload to Sentry
[2022-06-17 08:49:55,194] [DEBUG] [Thread-13 (process_request_thread)] [sse.lib.utils.logger] | Start LoggerMiddleware procedure and prepare to record log data
[2022-06-17 08:49:55,195] [DEBUG] [Thread-13 (process_request_thread)] [sse.lib.utils.logger] | Receive request: {"method": "GET", "path": "/api/report/", "view": "api:report-list", "body": null, "headers": {"cookie": "Hm_lvt_0703cfc0023d60b244e06b5cacfef877=1626310855; jenkins-timestamper-offset=-28800000; csrftoken=aCYpY4DVzKNOrqblm9RWfpZ99YgLlwoXpxlvnO8RHZ8qfogMOKqVpffrE6vkrKqw", "accept_language": "zh-CN,zh;q=0.9", "accept_encoding": "gzip, deflate, br", "referer": "http://127.0.0.1:8081/", "sec_fetch_dest": "empty", "sec_fetch_mode": "cors", "sec_fetch_site": "same-origin", "user_agent": "Mozilla/5.0 (Windows NT 10.0; Win64; x64) AppleWebKit/537.36 (KHTML, like Gecko) Chrome/91.0.4472.114 Safari/537.36", "sec_ch_ua_mobile": "?0", "authorization": "eyJ0eXAiOiJKV1QiLCJhbGciOiJIUzI1NiJ9.eyJ1c2VyX2lkIjoicm9vdCIsInVzZXJuYW1lIjoicm9vdCIsImV4cCI6MTY1NTUxMzM2NywiZW1haWwiOiIyMzQzNDNAcXEuY29tIn0.uGdbkGCr2clc5msmQaa7cR78p6ZCOZyLelyJedFSDr8", "accept": "application/json, text/plain, */*", "sec_ch_ua": "\" Not;A Brand\";v=\"99\", \"Google Chrome\";v=\"91\", \"Chromium\";v=\"91\"", "connection": "close", "host": "localhost:9091"}, "user_id": "root", "ip": "127.0.0.1", "trace_id": "d35b21ab-6489-4e4f-829d-6b85b6300c4e"}
[2022-06-17 08:49:55,195] [INFO] [Thread-13 (process_request_thread)] [sse.lib.utils.logger] | Receive request from IP: 127.0.0.1 by url: /api/report/ with method: GET
[2022-06-17 08:49:55,196] [DEBUG] [Thread-13 (process_request_thread)] [sse.lib.utils.logger] | Return response: {"status": 200, "body": {"msg": "success", "result": true, "data": {"count": 20, "next": "http://localhost:9091/api/report/?page=2", "previous": null, "results": [{"code": "EXEC_910B570E79E844C5A4614B2C476D7FEA", "statue_display": "执行完毕", "type_display": "测试项目", "remark": null, "statue": 0, "type": 0, "start": "2022-06-15 17:25:10.713350", "path": "/home/volume/incoming/20220615/EXEC_910B570E79E844C5A4614B2C476D7FEA/EXEC_910B570E79E844C5A4614B2C476D7FEA.html", "duration": "0.15", "person": "root", "create_time": "2022-06-15T17:25:10.731151", "create_date": "2022-06-15", "update_time": "2022-06-15T17:25:12.379000"}, {"code": "EXEC_DFE8C93467CC45CDA063B3DEEBA37917", "statue_display": "执行完毕", "type_display": "测试用例", "remark": null, "statue": 0, "type": 2, "start": "2022-06-15 17:04:57.882579", "path": "/home/volume/incoming/20220615/EXEC_DFE8C93467CC45CDA063B3DEEBA37917/EXEC_DFE8C93467CC45CDA063B3DEEBA37917.html", "duration": "0.15", "person": "root", "create_time": "2022-06-15T17:04:57.886148", "create_date": "2022-06-15", "update_time": "2022-06-15T17:04:59.133698"}, {"code": "EXEC_2ED38FA59833443A9D2D58B64C714020", "statue_display": "执行完毕", "type_display": "测试用例", "remark": null, "statue": 0, "type": 2, "start": "2022-06-15 16:54:44.676117", "path": "/home/volume/incoming/20220615/EXEC_2ED38FA59833443A9D2D58B64C714020/EXEC_2ED38FA59833443A9D2D58B64C714020.html", "duration": "0.15", "person": "root", "create_time": "2022-06-15T16:54:44.701767", "create_date": "2022-06-15", "update_time": "2022-06-15T16:54:46.584541"}, {"code": "EXEC_C428DBFFC6C04959B831D82CC05CA0B2", "statue_display": "执行完毕", "type_display": "测试用例", "remark": null, "statue": 0, "type": 2, "start": "2022-06-15 16:14:41.005449", "path": "/home/volume/incoming/20220615/EXEC_C428DBFFC6C04959B831D82CC05CA0B2/EXEC_C428DBFFC6C04959B831D82CC05CA0B2.html", "duration": "0.15", "person": "root", "create_time": "2022-06-15T16:14:41.020332", "create_date": "2022-06-15", "update_time": "2022-06-15T16:14:42.651965"}, {"code": "EXEC_B09C27561CD24BFF82B46E739B189F0B", "statue_display": "执行完毕", "type_display": "测试用例", "remark": null, "statue": 0, "type": 2, "start": "2022-06-15 16:10:59.097392", "path": "/home/volume/incoming/20220615/EXEC_B09C27561CD24BFF82B46E739B189F0B/EXEC_B09C27561CD24BFF82B46E739B189F0B.html", "duration": "0.15", "person": "root", "create_time": "2022-06-15T16:10:59.125186", "create_date": "2022-06-15", "update_time": "2022-06-15T16:11:00.957757"}, {"code": "EXEC_9727B28D89814BEF8B5950E994256F1C", "statue_display": "执行完毕", "type_display": "测试用例", "remark": null, "statue": 0, "type": 2, "start": "2022-06-15 16:00:57.228604", "path": "/home/volume/incoming/20220615/EXEC_9727B28D89814BEF8B5950E994256F1C/EXEC_9727B28D89814BEF8B5950E994256F1C.html", "duration": "0.15", "person": "root", "create_time": "2022-06-15T16:00:57.231049", "create_date": "2022-06-15", "update_time": "2022-06-15T16:00:58.687401"}, {"code": "EXEC_371CF61B33DC49F3A59EFB6EA4E4632D", "statue_display": "执行完毕", "type_display": "测试用例", "remark": null, "statue": 0, "type": 2, "start": "2022-06-15 15:46:12.640594", "path": "/home/volume/incoming/20220615/EXEC_371CF61B33DC49F3A59EFB6EA4E4632D/EXEC_371CF61B33DC49F3A59EFB6EA4E4632D.html", "duration": "0.15", "person": "root", "create_time": "2022-06-15T15:46:12.654461", "create_date": "2022-06-15", "update_time": "2022-06-15T15:46:14.302302"}, {"code": "EXEC_3E5886FAA24647298C50EF5F443DC7EE", "statue_display": "执行完毕", "type_display": "测试用例", "remark": null, "statue": 0, "type": 2, "start": "2022-06-15 15:44:30.191033", "path": "/home/volume/incoming/20220615/EXEC_3E5886FAA24647298C50EF5F443DC7EE/EXEC_3E5886FAA24647298C50EF5F443DC7EE.html", "duration": "0.15", "person": "root", "create_time": "2022-06-15T15:44:30.212903", "create_date": "2022-06-15", "update_time": "2022-06-15T15:44:31.381889"}, {"code": "EXEC_0E00329861264507AE92524F0BD03995", "statue_display": "执行完毕", "type_display": "测试用例", "remark": null, "statue": 0, "type": 2, "start": "2022-06-15 15:36:18.556496", "path": "/home/volume/incoming/20220615/EXEC_0E00329861264507AE92524F0BD03995/EXEC_0E00329861264507AE92524F0BD03995.html", "duration": "0.15", "person": "root", "create_time": "2022-06-15T15:36:18.579609", "create_date": "2022-06-15", "update_time": "2022-06-15T15:36:19.705008"}, {"code": "EXEC_E98E3356F5E144C4BD7B6CBABA51ED64", "statue_display": "执行完毕", "type_display": "测试用例", "remark": null, "statue": 0, "type": 2, "start": "2022-06-15 15:16:50.181695", "path": "/home/volume/incoming/20220615/EXEC_E98E3356F5E144C4BD7B6CBABA51ED64/EXEC_E98E3356F5E144C4BD7B6CBABA51ED64.html", "duration": "0.15", "person": "root", "create_time": "2022-06-15T15:16:50.202198", "create_date": "2022-06-15", "update_time": "2022-06-15T15:16:51.699979"}, {"code": "EXEC_66B560B7E3D84046AB654FBFEEEFB8D5", "statue_display": "执行完毕", "type_display": "测试用例", "remark": null, "statue": 0, "type": 2, "start": "2022-06-15 15:14:13.612039", "path": "/home/volume/incoming/20220615/EXEC_66B560B7E3D84046AB654FBFEEEFB8D5/EXEC_66B560B7E3D84046AB654FBFEEEFB8D5.html", "duration": "0.15", "person": "root", "create_time": "2022-06-15T15:14:13.632972", "create_date": "2022-06-15", "update_time": "2022-06-15T15:14:14.855359"}, {"code": "EXEC_1684E2A849994FBBAC2F01FB6FFEE517", "statue_display": "执行完毕", "type_display": "测试用例", "remark": null, "statue": 0, "type": 2, "start": "2022-06-15 13:58:48.748617", "path": "/home/volume/incoming/20220615/EXEC_1684E2A849994FBBAC2F01FB6FFEE517/EXEC_1684E2A849994FBBAC2F01FB6FFEE517.html", "duration": "0.15", "person": "root", "create_time": "2022-06-15T13:58:48.750859", "create_date": "2022-06-15", "update_time": "2022-06-15T13:58:50.283256"}, {"code": "EXEC_4E1C490B7D1147B0A62C0BC584D93879", "statue_display": "执行完毕", "type_display": "测试用例", "remark": null, "statue": 0, "type": 2, "start": "2022-06-15 13:49:32.409532", "path": "/home/volume/incoming/20220615/EXEC_4E1C490B7D1147B0A62C0BC584D93879/EXEC_4E1C490B7D1147B0A62C0BC584D93879.html", "duration": "0.15", "person": "root", "create_time": "2022-06-15T13:49:32.432915", "create_date": "2022-06-15", "update_time": "2022-06-15T13:49:33.984236"}, {"code": "EXEC_1D712C44E245426A8809FB7CF75592FB", "statue_display": "执行完毕", "type_display": "测试用例", "remark": null, "statue": 0, "type": 2, "start": "2022-06-15 13:45:51.884937", "path": "/home/volume/incoming/20220615/EXEC_1D712C44E245426A8809FB7CF75592FB/EXEC_1D712C44E245426A8809FB7CF75592FB.html", "duration": "0.15", "person": "root", "create_time": "2022-06-15T13:45:51.888901", "create_date": "2022-06-15", "update_time": "2022-06-15T13:45:53.044105"}, {"code": "EXEC_D2D11DD0D98641BAA253E200B16844DE", "statue_display": "执行完毕", "type_display": "测试用例", "remark": "jjj", "statue": 0, "type": 2, "start": "2022-06-15 13:40:06.073572", "path": "/home/volume/incoming/20220615/EXEC_D2D11DD0D98641BAA253E200B16844DE/EXEC_D2D11DD0D98641BAA253E200B16844DE.html", "duration": "0.15", "person": "root", "create_time": "2022-06-15T13:40:06.086248", "create_date": "2022-06-15", "update_time": "2022-06-15T13:40:07.290061"}]}}, "headers": {"Content-Type": "application/json", "Allow": "GET, POST, HEAD, OPTIONS", "X-Frame-Options": "DENY", "Content-Length": "6880", "Vary": "Origin", "X-Content-Type-Options": "nosniff", "Referrer-Policy": "same-origin"}, "trace_id": "d35b21ab-6489-4e4f-829d-6b85b6300c4e"}
[2022-06-17 08:53:48,729] [DEBUG] [Thread-14 (process_request_thread)] [sse.lib.utils.logger] | Start SentryMiddleware procedure and prepare to upload to Sentry
[2022-06-17 08:53:48,730] [DEBUG] [Thread-14 (process_request_thread)] [sse.lib.utils.logger] | Start LoggerMiddleware procedure and prepare to record log data
[2022-06-17 08:53:48,731] [DEBUG] [Thread-14 (process_request_thread)] [sse.lib.utils.logger] | Receive request: {"method": "GET", "path": "/api/report/?remark=&statue=&person=&type=1&create_time=&start=&end=", "view": "api:report-list", "body": null, "headers": {"cookie": "Hm_lvt_0703cfc0023d60b244e06b5cacfef877=1626310855; jenkins-timestamper-offset=-28800000; csrftoken=aCYpY4DVzKNOrqblm9RWfpZ99YgLlwoXpxlvnO8RHZ8qfogMOKqVpffrE6vkrKqw", "accept_language": "zh-CN,zh;q=0.9", "accept_encoding": "gzip, deflate, br", "referer": "http://127.0.0.1:8081/", "sec_fetch_dest": "empty", "sec_fetch_mode": "cors", "sec_fetch_site": "same-origin", "user_agent": "Mozilla/5.0 (Windows NT 10.0; Win64; x64) AppleWebKit/537.36 (KHTML, like Gecko) Chrome/91.0.4472.114 Safari/537.36", "sec_ch_ua_mobile": "?0", "authorization": "eyJ0eXAiOiJKV1QiLCJhbGciOiJIUzI1NiJ9.eyJ1c2VyX2lkIjoicm9vdCIsInVzZXJuYW1lIjoicm9vdCIsImV4cCI6MTY1NTUxMzM2NywiZW1haWwiOiIyMzQzNDNAcXEuY29tIn0.uGdbkGCr2clc5msmQaa7cR78p6ZCOZyLelyJedFSDr8", "accept": "application/json, text/plain, */*", "sec_ch_ua": "\" Not;A Brand\";v=\"99\", \"Google Chrome\";v=\"91\", \"Chromium\";v=\"91\"", "connection": "close", "host": "localhost:9091"}, "user_id": "root", "ip": "127.0.0.1", "trace_id": "887beda4-65e1-47f3-b42a-f5fa07b82979"}
[2022-06-17 08:53:48,732] [INFO] [Thread-14 (process_request_thread)] [sse.lib.utils.logger] | Receive request from IP: 127.0.0.1 by url: /api/report/?remark=&statue=&person=&type=1&create_time=&start=&end= with method: GET
[2022-06-17 08:53:48,732] [DEBUG] [Thread-14 (process_request_thread)] [sse.lib.utils.logger] | Return response: {"status": 200, "body": {"msg": "success", "result": true, "data": {"count": 1, "next": null, "previous": null, "results": [{"code": "EXEC_C8D1AC7F00B04E2FA76EB3C4A84FC04E", "statue_display": "执行完毕", "type_display": "测试套件", "remark": "first execute", "statue": 0, "type": 1, "start": "2022-06-14 09:44:08.497986", "path": "/home/volume/incoming/20220614/EXEC_C8D1AC7F00B04E2FA76EB3C4A84FC04E/EXEC_C8D1AC7F00B04E2FA76EB3C4A84FC04E.html", "duration": "0.15", "person": "root", "create_time": "2022-06-14T09:44:08.526606", "create_date": "2022-06-14", "update_time": "2022-06-14T09:44:10.897097"}]}}, "headers": {"Content-Type": "application/json", "Allow": "GET, POST, HEAD, OPTIONS", "X-Frame-Options": "DENY", "Content-Length": "551", "Vary": "Origin", "X-Content-Type-Options": "nosniff", "Referrer-Policy": "same-origin"}, "trace_id": "887beda4-65e1-47f3-b42a-f5fa07b82979"}
[2022-06-17 08:53:56,243] [DEBUG] [Thread-15 (process_request_thread)] [sse.lib.utils.logger] | Start SentryMiddleware procedure and prepare to upload to Sentry
[2022-06-17 08:53:56,243] [DEBUG] [Thread-15 (process_request_thread)] [sse.lib.utils.logger] | Start LoggerMiddleware procedure and prepare to record log data
[2022-06-17 08:53:56,245] [DEBUG] [Thread-15 (process_request_thread)] [sse.lib.utils.logger] | Receive request: {"method": "GET", "path": "/api/report/?remark=&statue=0&person=&type=1&create_time=&start=&end=", "view": "api:report-list", "body": null, "headers": {"cookie": "Hm_lvt_0703cfc0023d60b244e06b5cacfef877=1626310855; jenkins-timestamper-offset=-28800000; csrftoken=aCYpY4DVzKNOrqblm9RWfpZ99YgLlwoXpxlvnO8RHZ8qfogMOKqVpffrE6vkrKqw", "accept_language": "zh-CN,zh;q=0.9", "accept_encoding": "gzip, deflate, br", "referer": "http://127.0.0.1:8081/", "sec_fetch_dest": "empty", "sec_fetch_mode": "cors", "sec_fetch_site": "same-origin", "user_agent": "Mozilla/5.0 (Windows NT 10.0; Win64; x64) AppleWebKit/537.36 (KHTML, like Gecko) Chrome/91.0.4472.114 Safari/537.36", "sec_ch_ua_mobile": "?0", "authorization": "eyJ0eXAiOiJKV1QiLCJhbGciOiJIUzI1NiJ9.eyJ1c2VyX2lkIjoicm9vdCIsInVzZXJuYW1lIjoicm9vdCIsImV4cCI6MTY1NTUxMzM2NywiZW1haWwiOiIyMzQzNDNAcXEuY29tIn0.uGdbkGCr2clc5msmQaa7cR78p6ZCOZyLelyJedFSDr8", "accept": "application/json, text/plain, */*", "sec_ch_ua": "\" Not;A Brand\";v=\"99\", \"Google Chrome\";v=\"91\", \"Chromium\";v=\"91\"", "connection": "close", "host": "localhost:9091"}, "user_id": "root", "ip": "127.0.0.1", "trace_id": "9c4340a8-279b-4df4-aae6-a86c9f208c6a"}
[2022-06-17 08:53:56,246] [INFO] [Thread-15 (process_request_thread)] [sse.lib.utils.logger] | Receive request from IP: 127.0.0.1 by url: /api/report/?remark=&statue=0&person=&type=1&create_time=&start=&end= with method: GET
[2022-06-17 08:53:56,246] [DEBUG] [Thread-15 (process_request_thread)] [sse.lib.utils.logger] | Return response: {"status": 200, "body": {"msg": "success", "result": true, "data": {"count": 1, "next": null, "previous": null, "results": [{"code": "EXEC_C8D1AC7F00B04E2FA76EB3C4A84FC04E", "statue_display": "执行完毕", "type_display": "测试套件", "remark": "first execute", "statue": 0, "type": 1, "start": "2022-06-14 09:44:08.497986", "path": "/home/volume/incoming/20220614/EXEC_C8D1AC7F00B04E2FA76EB3C4A84FC04E/EXEC_C8D1AC7F00B04E2FA76EB3C4A84FC04E.html", "duration": "0.15", "person": "root", "create_time": "2022-06-14T09:44:08.526606", "create_date": "2022-06-14", "update_time": "2022-06-14T09:44:10.897097"}]}}, "headers": {"Content-Type": "application/json", "Allow": "GET, POST, HEAD, OPTIONS", "X-Frame-Options": "DENY", "Content-Length": "551", "Vary": "Origin", "X-Content-Type-Options": "nosniff", "Referrer-Policy": "same-origin"}, "trace_id": "9c4340a8-279b-4df4-aae6-a86c9f208c6a"}
[2022-06-17 08:53:58,138] [DEBUG] [Thread-16 (process_request_thread)] [sse.lib.utils.logger] | Start SentryMiddleware procedure and prepare to upload to Sentry
[2022-06-17 08:53:58,138] [DEBUG] [Thread-16 (process_request_thread)] [sse.lib.utils.logger] | Start LoggerMiddleware procedure and prepare to record log data
[2022-06-17 08:53:58,139] [DEBUG] [Thread-16 (process_request_thread)] [sse.lib.utils.logger] | Receive request: {"method": "GET", "path": "/api/report/?remark=&statue=0&person=&type=1&create_time=&start=&end=", "view": "api:report-list", "body": null, "headers": {"cookie": "Hm_lvt_0703cfc0023d60b244e06b5cacfef877=1626310855; jenkins-timestamper-offset=-28800000; csrftoken=aCYpY4DVzKNOrqblm9RWfpZ99YgLlwoXpxlvnO8RHZ8qfogMOKqVpffrE6vkrKqw", "accept_language": "zh-CN,zh;q=0.9", "accept_encoding": "gzip, deflate, br", "referer": "http://127.0.0.1:8081/", "sec_fetch_dest": "empty", "sec_fetch_mode": "cors", "sec_fetch_site": "same-origin", "user_agent": "Mozilla/5.0 (Windows NT 10.0; Win64; x64) AppleWebKit/537.36 (KHTML, like Gecko) Chrome/91.0.4472.114 Safari/537.36", "sec_ch_ua_mobile": "?0", "authorization": "eyJ0eXAiOiJKV1QiLCJhbGciOiJIUzI1NiJ9.eyJ1c2VyX2lkIjoicm9vdCIsInVzZXJuYW1lIjoicm9vdCIsImV4cCI6MTY1NTUxMzM2NywiZW1haWwiOiIyMzQzNDNAcXEuY29tIn0.uGdbkGCr2clc5msmQaa7cR78p6ZCOZyLelyJedFSDr8", "accept": "application/json, text/plain, */*", "sec_ch_ua": "\" Not;A Brand\";v=\"99\", \"Google Chrome\";v=\"91\", \"Chromium\";v=\"91\"", "connection": "close", "host": "localhost:9091"}, "user_id": "root", "ip": "127.0.0.1", "trace_id": "e3bc27de-7781-4321-8580-17400e08f812"}
[2022-06-17 08:53:58,139] [INFO] [Thread-16 (process_request_thread)] [sse.lib.utils.logger] | Receive request from IP: 127.0.0.1 by url: /api/report/?remark=&statue=0&person=&type=1&create_time=&start=&end= with method: GET
[2022-06-17 08:53:58,140] [DEBUG] [Thread-16 (process_request_thread)] [sse.lib.utils.logger] | Return response: {"status": 200, "body": {"msg": "success", "result": true, "data": {"count": 1, "next": null, "previous": null, "results": [{"code": "EXEC_C8D1AC7F00B04E2FA76EB3C4A84FC04E", "statue_display": "执行完毕", "type_display": "测试套件", "remark": "first execute", "statue": 0, "type": 1, "start": "2022-06-14 09:44:08.497986", "path": "/home/volume/incoming/20220614/EXEC_C8D1AC7F00B04E2FA76EB3C4A84FC04E/EXEC_C8D1AC7F00B04E2FA76EB3C4A84FC04E.html", "duration": "0.15", "person": "root", "create_time": "2022-06-14T09:44:08.526606", "create_date": "2022-06-14", "update_time": "2022-06-14T09:44:10.897097"}]}}, "headers": {"Content-Type": "application/json", "Allow": "GET, POST, HEAD, OPTIONS", "X-Frame-Options": "DENY", "Content-Length": "551", "Vary": "Origin", "X-Content-Type-Options": "nosniff", "Referrer-Policy": "same-origin"}, "trace_id": "e3bc27de-7781-4321-8580-17400e08f812"}
[2022-06-17 08:54:01,759] [DEBUG] [Thread-17 (process_request_thread)] [sse.lib.utils.logger] | Start SentryMiddleware procedure and prepare to upload to Sentry
[2022-06-17 08:54:01,759] [DEBUG] [Thread-17 (process_request_thread)] [sse.lib.utils.logger] | Start LoggerMiddleware procedure and prepare to record log data
[2022-06-17 08:54:01,759] [DEBUG] [Thread-17 (process_request_thread)] [sse.lib.utils.logger] | Receive request: {"method": "GET", "path": "/api/report/?remark=&statue=&person=&type=&create_time=&start=&end=", "view": "api:report-list", "body": null, "headers": {"cookie": "Hm_lvt_0703cfc0023d60b244e06b5cacfef877=1626310855; jenkins-timestamper-offset=-28800000; csrftoken=aCYpY4DVzKNOrqblm9RWfpZ99YgLlwoXpxlvnO8RHZ8qfogMOKqVpffrE6vkrKqw", "accept_language": "zh-CN,zh;q=0.9", "accept_encoding": "gzip, deflate, br", "referer": "http://127.0.0.1:8081/", "sec_fetch_dest": "empty", "sec_fetch_mode": "cors", "sec_fetch_site": "same-origin", "user_agent": "Mozilla/5.0 (Windows NT 10.0; Win64; x64) AppleWebKit/537.36 (KHTML, like Gecko) Chrome/91.0.4472.114 Safari/537.36", "sec_ch_ua_mobile": "?0", "authorization": "eyJ0eXAiOiJKV1QiLCJhbGciOiJIUzI1NiJ9.eyJ1c2VyX2lkIjoicm9vdCIsInVzZXJuYW1lIjoicm9vdCIsImV4cCI6MTY1NTUxMzM2NywiZW1haWwiOiIyMzQzNDNAcXEuY29tIn0.uGdbkGCr2clc5msmQaa7cR78p6ZCOZyLelyJedFSDr8", "accept": "application/json, text/plain, */*", "sec_ch_ua": "\" Not;A Brand\";v=\"99\", \"Google Chrome\";v=\"91\", \"Chromium\";v=\"91\"", "connection": "close", "host": "localhost:9091"}, "user_id": "root", "ip": "127.0.0.1", "trace_id": "d9f2a9c1-bd17-43ee-a551-868de210e7c5"}
[2022-06-17 08:54:01,760] [INFO] [Thread-17 (process_request_thread)] [sse.lib.utils.logger] | Receive request from IP: 127.0.0.1 by url: /api/report/?remark=&statue=&person=&type=&create_time=&start=&end= with method: GET
[2022-06-17 08:54:01,761] [DEBUG] [Thread-17 (process_request_thread)] [sse.lib.utils.logger] | Return response: {"status": 200, "body": {"msg": "success", "result": true, "data": {"count": 20, "next": "http://localhost:9091/api/report/?create_time=&end=&page=2&person=&remark=&start=&statue=&type=", "previous": null, "results": [{"code": "EXEC_910B570E79E844C5A4614B2C476D7FEA", "statue_display": "执行完毕", "type_display": "测试项目", "remark": null, "statue": 0, "type": 0, "start": "2022-06-15 17:25:10.713350", "path": "/home/volume/incoming/20220615/EXEC_910B570E79E844C5A4614B2C476D7FEA/EXEC_910B570E79E844C5A4614B2C476D7FEA.html", "duration": "0.15", "person": "root", "create_time": "2022-06-15T17:25:10.731151", "create_date": "2022-06-15", "update_time": "2022-06-15T17:25:12.379000"}, {"code": "EXEC_DFE8C93467CC45CDA063B3DEEBA37917", "statue_display": "执行完毕", "type_display": "测试用例", "remark": null, "statue": 0, "type": 2, "start": "2022-06-15 17:04:57.882579", "path": "/home/volume/incoming/20220615/EXEC_DFE8C93467CC45CDA063B3DEEBA37917/EXEC_DFE8C93467CC45CDA063B3DEEBA37917.html", "duration": "0.15", "person": "root", "create_time": "2022-06-15T17:04:57.886148", "create_date": "2022-06-15", "update_time": "2022-06-15T17:04:59.133698"}, {"code": "EXEC_2ED38FA59833443A9D2D58B64C714020", "statue_display": "执行完毕", "type_display": "测试用例", "remark": null, "statue": 0, "type": 2, "start": "2022-06-15 16:54:44.676117", "path": "/home/volume/incoming/20220615/EXEC_2ED38FA59833443A9D2D58B64C714020/EXEC_2ED38FA59833443A9D2D58B64C714020.html", "duration": "0.15", "person": "root", "create_time": "2022-06-15T16:54:44.701767", "create_date": "2022-06-15", "update_time": "2022-06-15T16:54:46.584541"}, {"code": "EXEC_C428DBFFC6C04959B831D82CC05CA0B2", "statue_display": "执行完毕", "type_display": "测试用例", "remark": null, "statue": 0, "type": 2, "start": "2022-06-15 16:14:41.005449", "path": "/home/volume/incoming/20220615/EXEC_C428DBFFC6C04959B831D82CC05CA0B2/EXEC_C428DBFFC6C04959B831D82CC05CA0B2.html", "duration": "0.15", "person": "root", "create_time": "2022-06-15T16:14:41.020332", "create_date": "2022-06-15", "update_time": "2022-06-15T16:14:42.651965"}, {"code": "EXEC_B09C27561CD24BFF82B46E739B189F0B", "statue_display": "执行完毕", "type_display": "测试用例", "remark": null, "statue": 0, "type": 2, "start": "2022-06-15 16:10:59.097392", "path": "/home/volume/incoming/20220615/EXEC_B09C27561CD24BFF82B46E739B189F0B/EXEC_B09C27561CD24BFF82B46E739B189F0B.html", "duration": "0.15", "person": "root", "create_time": "2022-06-15T16:10:59.125186", "create_date": "2022-06-15", "update_time": "2022-06-15T16:11:00.957757"}, {"code": "EXEC_9727B28D89814BEF8B5950E994256F1C", "statue_display": "执行完毕", "type_display": "测试用例", "remark": null, "statue": 0, "type": 2, "start": "2022-06-15 16:00:57.228604", "path": "/home/volume/incoming/20220615/EXEC_9727B28D89814BEF8B5950E994256F1C/EXEC_9727B28D89814BEF8B5950E994256F1C.html", "duration": "0.15", "person": "root", "create_time": "2022-06-15T16:00:57.231049", "create_date": "2022-06-15", "update_time": "2022-06-15T16:00:58.687401"}, {"code": "EXEC_371CF61B33DC49F3A59EFB6EA4E4632D", "statue_display": "执行完毕", "type_display": "测试用例", "remark": null, "statue": 0, "type": 2, "start": "2022-06-15 15:46:12.640594", "path": "/home/volume/incoming/20220615/EXEC_371CF61B33DC49F3A59EFB6EA4E4632D/EXEC_371CF61B33DC49F3A59EFB6EA4E4632D.html", "duration": "0.15", "person": "root", "create_time": "2022-06-15T15:46:12.654461", "create_date": "2022-06-15", "update_time": "2022-06-15T15:46:14.302302"}, {"code": "EXEC_3E5886FAA24647298C50EF5F443DC7EE", "statue_display": "执行完毕", "type_display": "测试用例", "remark": null, "statue": 0, "type": 2, "start": "2022-06-15 15:44:30.191033", "path": "/home/volume/incoming/20220615/EXEC_3E5886FAA24647298C50EF5F443DC7EE/EXEC_3E5886FAA24647298C50EF5F443DC7EE.html", "duration": "0.15", "person": "root", "create_time": "2022-06-15T15:44:30.212903", "create_date": "2022-06-15", "update_time": "2022-06-15T15:44:31.381889"}, {"code": "EXEC_0E00329861264507AE92524F0BD03995", "statue_display": "执行完毕", "type_display": "测试用例", "remark": null, "statue": 0, "type": 2, "start": "2022-06-15 15:36:18.556496", "path": "/home/volume/incoming/20220615/EXEC_0E00329861264507AE92524F0BD03995/EXEC_0E00329861264507AE92524F0BD03995.html", "duration": "0.15", "person": "root", "create_time": "2022-06-15T15:36:18.579609", "create_date": "2022-06-15", "update_time": "2022-06-15T15:36:19.705008"}, {"code": "EXEC_E98E3356F5E144C4BD7B6CBABA51ED64", "statue_display": "执行完毕", "type_display": "测试用例", "remark": null, "statue": 0, "type": 2, "start": "2022-06-15 15:16:50.181695", "path": "/home/volume/incoming/20220615/EXEC_E98E3356F5E144C4BD7B6CBABA51ED64/EXEC_E98E3356F5E144C4BD7B6CBABA51ED64.html", "duration": "0.15", "person": "root", "create_time": "2022-06-15T15:16:50.202198", "create_date": "2022-06-15", "update_time": "2022-06-15T15:16:51.699979"}, {"code": "EXEC_66B560B7E3D84046AB654FBFEEEFB8D5", "statue_display": "执行完毕", "type_display": "测试用例", "remark": null, "statue": 0, "type": 2, "start": "2022-06-15 15:14:13.612039", "path": "/home/volume/incoming/20220615/EXEC_66B560B7E3D84046AB654FBFEEEFB8D5/EXEC_66B560B7E3D84046AB654FBFEEEFB8D5.html", "duration": "0.15", "person": "root", "create_time": "2022-06-15T15:14:13.632972", "create_date": "2022-06-15", "update_time": "2022-06-15T15:14:14.855359"}, {"code": "EXEC_1684E2A849994FBBAC2F01FB6FFEE517", "statue_display": "执行完毕", "type_display": "测试用例", "remark": null, "statue": 0, "type": 2, "start": "2022-06-15 13:58:48.748617", "path": "/home/volume/incoming/20220615/EXEC_1684E2A849994FBBAC2F01FB6FFEE517/EXEC_1684E2A849994FBBAC2F01FB6FFEE517.html", "duration": "0.15", "person": "root", "create_time": "2022-06-15T13:58:48.750859", "create_date": "2022-06-15", "update_time": "2022-06-15T13:58:50.283256"}, {"code": "EXEC_4E1C490B7D1147B0A62C0BC584D93879", "statue_display": "执行完毕", "type_display": "测试用例", "remark": null, "statue": 0, "type": 2, "start": "2022-06-15 13:49:32.409532", "path": "/home/volume/incoming/20220615/EXEC_4E1C490B7D1147B0A62C0BC584D93879/EXEC_4E1C490B7D1147B0A62C0BC584D93879.html", "duration": "0.15", "person": "root", "create_time": "2022-06-15T13:49:32.432915", "create_date": "2022-06-15", "update_time": "2022-06-15T13:49:33.984236"}, {"code": "EXEC_1D712C44E245426A8809FB7CF75592FB", "statue_display": "执行完毕", "type_display": "测试用例", "remark": null, "statue": 0, "type": 2, "start": "2022-06-15 13:45:51.884937", "path": "/home/volume/incoming/20220615/EXEC_1D712C44E245426A8809FB7CF75592FB/EXEC_1D712C44E245426A8809FB7CF75592FB.html", "duration": "0.15", "person": "root", "create_time": "2022-06-15T13:45:51.888901", "create_date": "2022-06-15", "update_time": "2022-06-15T13:45:53.044105"}, {"code": "EXEC_D2D11DD0D98641BAA253E200B16844DE", "statue_display": "执行完毕", "type_display": "测试用例", "remark": "jjj", "statue": 0, "type": 2, "start": "2022-06-15 13:40:06.073572", "path": "/home/volume/incoming/20220615/EXEC_D2D11DD0D98641BAA253E200B16844DE/EXEC_D2D11DD0D98641BAA253E200B16844DE.html", "duration": "0.15", "person": "root", "create_time": "2022-06-15T13:40:06.086248", "create_date": "2022-06-15", "update_time": "2022-06-15T13:40:07.290061"}]}}, "headers": {"Content-Type": "application/json", "Allow": "GET, POST, HEAD, OPTIONS", "X-Frame-Options": "DENY", "Content-Length": "6935", "Vary": "Origin", "X-Content-Type-Options": "nosniff", "Referrer-Policy": "same-origin"}, "trace_id": "d9f2a9c1-bd17-43ee-a551-868de210e7c5"}
[2022-06-17 08:54:37,307] [DEBUG] [Thread-18 (process_request_thread)] [sse.lib.utils.logger] | Start SentryMiddleware procedure and prepare to upload to Sentry
[2022-06-17 08:54:37,307] [DEBUG] [Thread-18 (process_request_thread)] [sse.lib.utils.logger] | Start LoggerMiddleware procedure and prepare to record log data
[2022-06-17 08:54:37,307] [DEBUG] [Thread-18 (process_request_thread)] [sse.lib.utils.logger] | Receive request: {"method": "GET", "path": "/api/template/", "view": "api:template-list", "body": null, "headers": {"cookie": "Hm_lvt_0703cfc0023d60b244e06b5cacfef877=1626310855; jenkins-timestamper-offset=-28800000; csrftoken=aCYpY4DVzKNOrqblm9RWfpZ99YgLlwoXpxlvnO8RHZ8qfogMOKqVpffrE6vkrKqw", "accept_language": "zh-CN,zh;q=0.9", "accept_encoding": "gzip, deflate, br", "referer": "http://127.0.0.1:8081/", "sec_fetch_dest": "empty", "sec_fetch_mode": "cors", "sec_fetch_site": "same-origin", "user_agent": "Mozilla/5.0 (Windows NT 10.0; Win64; x64) AppleWebKit/537.36 (KHTML, like Gecko) Chrome/91.0.4472.114 Safari/537.36", "sec_ch_ua_mobile": "?0", "authorization": "eyJ0eXAiOiJKV1QiLCJhbGciOiJIUzI1NiJ9.eyJ1c2VyX2lkIjoicm9vdCIsInVzZXJuYW1lIjoicm9vdCIsImV4cCI6MTY1NTUxMzM2NywiZW1haWwiOiIyMzQzNDNAcXEuY29tIn0.uGdbkGCr2clc5msmQaa7cR78p6ZCOZyLelyJedFSDr8", "accept": "application/json, text/plain, */*", "sec_ch_ua": "\" Not;A Brand\";v=\"99\", \"Google Chrome\";v=\"91\", \"Chromium\";v=\"91\"", "connection": "close", "host": "localhost:9091"}, "user_id": "root", "ip": "127.0.0.1", "trace_id": "da2342da-2f2a-41c6-a4e2-fbee1e494ea9"}
[2022-06-17 08:54:37,309] [INFO] [Thread-18 (process_request_thread)] [sse.lib.utils.logger] | Receive request from IP: 127.0.0.1 by url: /api/template/ with method: GET
[2022-06-17 08:54:37,309] [DEBUG] [Thread-18 (process_request_thread)] [sse.lib.utils.logger] | Return response: {"status": 200, "body": {"msg": "success", "result": true, "data": {"count": 3, "next": null, "previous": null, "results": [{"uid": "5056a3b55daf410895112f6845e94f72", "statue_display": "有效", "method_display": "POST", "statue": 1, "create_time": "2022-06-15T15:10:38.941917", "update_time": "2022-06-15T15:16:39.023111", "name": "登录接口", "url": "http://127.0.0.1:9091/user/login/", "method": 1, "header": {"Content-Type": "application/json"}, "data": {"user_id": "{{user_id}}", "password": "{{password}}"}, "process_name": "", "linux_order_str": "", "table_name": "", "owner": "root"}, {"uid": "3537bb3809364f41904a86682f609bfb", "statue_display": "有效", "method_display": "POST", "statue": 1, "create_time": "2022-06-14T09:34:05.090619", "update_time": "2022-06-14T18:10:07.938918", "name": "auth登录认证", "url": "http://192.168.246.128:9000/api/auth", "method": 1, "header": {"Content-Type": "application/json"}, "data": {"password": "{{password}}", "username": "{{username}}"}, "process_name": "", "linux_order_str": "", "table_name": "", "owner": "root"}, {"uid": "fd879552f34f4d3eb57f922564d674cd", "statue_display": "有效", "method_display": "GET", "statue": 1, "create_time": "2022-06-14T16:56:41.145627", "update_time": "2022-06-14T16:56:41.145627", "name": "首页访问", "url": "http://192.168.246.128:9000/#/home", "method": 0, "header": {"jhgj": "hgjhg"}, "data": {"e": 11, "ewe": 32132}, "process_name": "", "linux_order_str": "", "table_name": "", "owner": "root"}]}}, "headers": {"Content-Type": "application/json", "Allow": "GET, POST, HEAD, OPTIONS", "X-Frame-Options": "DENY", "Content-Length": "1366", "Vary": "Origin", "X-Content-Type-Options": "nosniff", "Referrer-Policy": "same-origin"}, "trace_id": "da2342da-2f2a-41c6-a4e2-fbee1e494ea9"}
[2022-06-17 15:51:26,183] [DEBUG] [MainThread] [asyncio] | Using proactor: IocpProactor
